COL name VAL garmin suction cup mount and 12-volt adapter kit 0101097900 COL description VAL included COL price VAL 30.0  	COL name VAL garmin adjustable vehicle suction cup 010-10823-03 COL description VAL  COL price VAL 7.22 	0
COL name VAL garmin gps carrying case black finish 0101070400 COL description VAL protect your by absorbing the impact from routine drops prevent damage scratches and spills COL price VAL 30.0  	COL name VAL garmin canvas deluxe carry case 010-10231-01 COL description VAL top loading handle nylon black COL price VAL 17.45  	0
COL name VAL garmin 010-10723-02 carrying case 0101072302 COL description VAL compatible with nuvi 350 black finish COL price VAL  	COL name VAL garmin leather carry case for nuvi 660 010-10823 -01 COL description VAL top loading COL price VAL 9.28  	0
COL name VAL garmin vehicle suction cup mount 0101093600 COL description VAL no installation required securely mounts your gps to dash black finish COL price VAL 25.0  	COL name VAL garmin suction cup mount/12-volt adapter kit 010-10979-00 COL description VAL navigator starter COL price VAL  	0
COL name VAL garmin suction cup mount and 12-volt adapter kit 0101097900 COL description VAL included COL price VAL 30.0  	COL name VAL garmin gps receiver dash mount 010-10613-00 COL description VAL  COL price VAL 	0
COL name VAL garmin streetpilot c series vehicle suction mount black finish 0101060900 COL description VAL dashboard or friction mounting options are recommended except california 12/24 volt adapter COL price VAL  	COL name VAL garmin suction cup mount 010-10815-00 COL description VAL  COL price VAL 17.4 	0
COL name VAL garmin 010-10723-02 carrying case 0101072302 COL description VAL compatible with nuvi 350 black finish COL price VAL  	COL name VAL garmin usb cable 010-10723-01 COL description VAL 1 x type a COL price VAL 8.15  	0
COL name VAL garmin 010-10723-00 ac adapter cable with international adapters 0101072300 COL description VAL includes uk & euro black finish COL price VAL  	COL name VAL garmin suction cup mount 010-10823-00 COL description VAL  COL price VAL 24.84 	0
COL name VAL garmin 010-10823-01 carrying case 0101082301 COL description VAL durable leather fits 4.3 models black finish COL price VAL  	COL name VAL garmin leather carry case for nuvi 660 010-10823 -01 COL description VAL top loading COL price VAL 9.28  	1
COL name VAL garmin streetpilot c330 dash mount black finish 0101061300 COL description VAL non-skid design fully portable includes 12/24 volt cigarette lighter adapter COL price VAL 57.0  	COL name VAL garmin gps receiver dash mount 010-10613-00 COL description VAL  COL price VAL 	1
COL name VAL garmin nuvi 360 010-10815 -00 black replacement vehicle suction cup mount 0101081500 COL description VAL compatible with the 360 it is a finish COL price VAL 39.0  	COL name VAL garmin gps receiver dash mount 010-10613-00 COL description VAL  COL price VAL 	0
COL name VAL garmin 010-10823-01 carrying case 0101082301 COL description VAL durable leather fits 4.3 models black finish COL price VAL  	COL name VAL garmin canvas deluxe carry case 010-10231-01 COL description VAL top loading handle nylon black COL price VAL 17.45  	0
COL name VAL garmin 010-10723-00 ac adapter cable with international adapters 0101072300 COL description VAL includes uk & euro black finish COL price VAL  	COL name VAL garmin usb cable 010-10723-01 COL description VAL 1 x type a COL price VAL 8.15  	0
COL name VAL garmin nuvi 265t gps navigation system 0100057610 COL description VAL 3.5 ' antiglare touchscreen display size turn-by-turn directions 2-d or 3-d maps bluetooth wireless technology avoid traffic tie-ups integrated fm receiver sleek & slim design jpeg picture viewer world travel clock up to 4 hours of battery life grey finish COL price VAL  	COL name VAL garmin cigarette lighter adapter for gps navigation 010-10747-03 COL description VAL  COL price VAL 12.99 	0
COL name VAL garmin nuvi 255w gps navigation system 0100071820 COL description VAL 3d map view auto re-route route avoidance custom pois where am i feature configurable vehicle icons voice prompts choice of set up touchscreen lock COL price VAL  	COL name VAL garmin nvi 205w automobile navigator 010-00718-40 COL description VAL nuvi portable gps system w / preloaded maps COL price VAL 162.99  	0
COL name VAL garmin suction cup mount and 12-volt adapter kit 0101097900 COL description VAL included COL price VAL 30.0  	COL name VAL garmin suction cup mount/12-volt adapter kit 010-10979-00 COL description VAL navigator starter COL price VAL  	1
COL name VAL garmin nuvi 275t gps navigation system 0100057600 COL description VAL 3.5 ' antiglare touchscreen display size turn-by-turn directions voice prompts speaks street names 2-d or 3-d maps bluetooth wireless technology avoid traffic tie-ups integrated fm receiver sleek & slim design jpeg picture viewer world travel clock up to 4 hours of battery life lock grey finish COL price VAL  	COL name VAL garmin suction cup mount 010-10823-00 COL description VAL  COL price VAL 24.84 	0
COL name VAL garmin 010-10702-00 black ga 25mcx remote gps antenna 0101070200 COL description VAL built-in magnetic mount includes a cable over 8 feet long and mcx connector COL price VAL 30.0  	COL name VAL garmin lightweight gps case 010-10704-00 COL description VAL clam shell COL price VAL  	0
COL name VAL garmin nuvi portable friction mount 0101090800 COL description VAL no installation required securely mounts your gps to a surface in car works with all units black finish COL price VAL 39.0  	COL name VAL garmin portable friction mount COL description VAL 010-10908-00 COL price VAL  	1
COL name VAL garmin nuvi 765t gps navigation system 0100071520 COL description VAL 4.3 ' touchscreen widescreen display up to 5 hours sleek & slim design advanced with lane assist bluetooth wireless fm traffic 3-d building view preloaded street maps for north america photo speaks names transmitter mp3 player route planning where am i ? locate grey finish COL price VAL  	COL name VAL garmin nvi 255w automobile navigator 010-00718-20 COL description VAL nuvi 4.3 ' gps w / text to speech , where am i ? COL price VAL 204.99  	0
COL name VAL garmin vehicle adjustable suction cup mount 0101082303 COL description VAL no installation required securely mounts your gps to dash black finish COL price VAL  	COL name VAL garmin suction cup mount 010-10936-00 COL description VAL  COL price VAL 13.02 	0
COL name VAL garmin nuvi 360 010-10815 -00 black replacement vehicle suction cup mount 0101081500 COL description VAL compatible with the 360 it is a finish COL price VAL 39.0  	COL name VAL garmin vehicle suction cup mount COL description VAL 010-10723-03 COL price VAL  	0
COL name VAL garmin nuvi 275t gps navigation system 0100057600 COL description VAL 3.5 ' antiglare touchscreen display size turn-by-turn directions voice prompts speaks street names 2-d or 3-d maps bluetooth wireless technology avoid traffic tie-ups integrated fm receiver sleek & slim design jpeg picture viewer world travel clock up to 4 hours of battery life lock grey finish COL price VAL  	COL name VAL garmin nuvi 275t 3.5 ' gps w/text to speech , bluetooth where am i ? connect photos 010-00576-00 COL description VAL  COL price VAL 245.99 	1
COL name VAL garmin vehicle suction cup mount 0101093600 COL description VAL no installation required securely mounts your gps to dash black finish COL price VAL 25.0  	COL name VAL garmin adjustable vehicle suction cup 010-10823-03 COL description VAL  COL price VAL 7.22 	0
COL name VAL garmin nuvi 360 010-10815 -00 black replacement vehicle suction cup mount 0101081500 COL description VAL compatible with the 360 it is a finish COL price VAL 39.0  	COL name VAL garmin suction cup mount 010-10936-00 COL description VAL  COL price VAL 13.02 	0
COL name VAL garmin 010-10723-03 nuvi suction cup mount 0101072303 COL description VAL replacement compatible with 300/310/350 / 360 gps system black finish COL price VAL 39.0  	COL name VAL garmin portable friction mount COL description VAL 010-10908-00 COL price VAL  	0
COL name VAL garmin nuvi portable friction mount 0101090800 COL description VAL no installation required securely mounts your gps to a surface in car works with all units black finish COL price VAL 39.0  	COL name VAL garmin suction cup mount 010-10936-00 COL description VAL  COL price VAL 13.02 	0
COL name VAL garmin vehicle adjustable suction cup mount 0101082303 COL description VAL no installation required securely mounts your gps to dash black finish COL price VAL  	COL name VAL garmin vehicle suction mount 010-10609-00 COL description VAL  COL price VAL 27.59 	0
COL name VAL garmin vehicle suction cup mount 0101093600 COL description VAL no installation required securely mounts your gps to dash black finish COL price VAL 25.0  	COL name VAL garmin suction cup mount 010-10823-00 COL description VAL  COL price VAL 24.84 	0
COL name VAL garmin vehicle adjustable suction cup mount 0101082303 COL description VAL no installation required securely mounts your gps to dash black finish COL price VAL  	COL name VAL garmin suction cup mount/12-volt adapter kit 010-10979-00 COL description VAL navigator starter COL price VAL  	0
COL name VAL garmin streetpilot c330 dash mount black finish 0101061300 COL description VAL non-skid design fully portable includes 12/24 volt cigarette lighter adapter COL price VAL 57.0  	COL name VAL garmin suction cup mount 010-10823-00 COL description VAL  COL price VAL 24.84 	0
COL name VAL garmin 010-10823-00 black nuvi 660 vehicle suction cup mount 0101082300 COL description VAL replacement compatible with finish COL price VAL 46.0  	COL name VAL garmin suction cup mount/12-volt adapter kit 010-10979-00 COL description VAL navigator starter COL price VAL  	0
COL name VAL garmin nuvi 765t gps navigation system 0100071520 COL description VAL 4.3 ' touchscreen widescreen display up to 5 hours sleek & slim design advanced with lane assist bluetooth wireless fm traffic 3-d building view preloaded street maps for north america photo speaks names transmitter mp3 player route planning where am i ? locate grey finish COL price VAL  	COL name VAL garmin nvi 755t automobile navigator 010-00715-30 COL description VAL 4.3 ' active matrix tft color lcd COL price VAL 364.99  	0
