COL name VAL linksys etherfast10/100 5-port auto-sensing switch ezxs55w COL description VAL 5 port 10/100 autosensing ports with both half and full duplex modes perfect for integrating your 10baset 100basetx network hardware switched run at 10mbps , 20mbps 100mbps up to 200mbps COL price VAL 29.0  	COL name VAL linksys etherfast ezxs55w ethernet switch COL description VAL 5 x 10/100base-tx lan COL price VAL  	1
COL name VAL linksys wireless-g vpn broadband silver router wrv54g COL description VAL built-in endpoint capability securely connect up to 50 remote or traveling users your office network via hotspot ready with subscriber registration , authorization and authentication functions finish COL price VAL 149.0  	COL name VAL linksys wireless-g internet video camera wvc54gca COL description VAL cmos wireless wi-fi , cable COL price VAL  	0
COL name VAL linksys compact wireless-g usb adapter wusb54gc COL description VAL connects your desktop or notebook to a wireless network at up 54mbps when used with 2.0 port compatible wireless-b networks ( 11mbps ) protected by wpa and 128-bit data encryption COL price VAL 39.0  	COL name VAL linksys wireless-n wrvs4400n gigabit security router with vpn COL description VAL 4 x lan COL price VAL  	0
COL name VAL linksys compact wireless-g usb adapter wusb54gc COL description VAL connects your desktop or notebook to a wireless network at up 54mbps when used with 2.0 port compatible wireless-b networks ( 11mbps ) protected by wpa and 128-bit data encryption COL price VAL 39.0  	COL name VAL linksys wpsm54g wireless-g usb print server COL description VAL 1 x 10/100base-tx network , wi-fi ieee 802.11 b/g COL price VAL  	0
COL name VAL linksys dual-band wireless-n gaming adapter wga600n COL description VAL lag-free head-to-head or internet converts wired-ethernet-ready game consoles to network connectivity works without drivers on xbox , 360 playstation2 3 and gamecube dynamically changes channels radio bands ( 2.4 5ghz ) any platform black finish COL price VAL 89.0  	COL name VAL linksys wireless-g wusb54gc compact usb adapter COL description VAL  COL price VAL 	0
COL name VAL linksys wireless-g internet home monitoring camera wvc54gca COL description VAL sends high-quality live audio and video to your network wirelessly viewable from most web browsers anywhere in the world built-in stream encoder stand-alone server ( no pc necessary ) security mode supports mpeg-4 mjpeg at up 640x480 four simultaneous remote users COL price VAL 99.0  	COL name VAL linksys wpsm54g wireless-g usb print server COL description VAL 1 x 10/100base-tx network , wi-fi ieee 802.11 b/g COL price VAL  	0
COL name VAL linksys wireless-g range expander wre54g COL description VAL supports 64/128-bit wep encryption in 802.11 b/802 .11 g wireless lan configurable through your networked pc?s web browser or the included setup wizard expand coverage to eliminate dead spots works with both b and networks rj-45 10/100 port for easy configuration silver finish COL price VAL 99.0  	COL name VAL linksys wireless-g internet video camera wvc54gca COL description VAL cmos wireless wi-fi , cable COL price VAL  	0
COL name VAL linksys compact wireless-g usb adapter wusb54gc COL description VAL connects your desktop or notebook to a wireless network at up 54mbps when used with 2.0 port compatible wireless-b networks ( 11mbps ) protected by wpa and 128-bit data encryption COL price VAL 39.0  	COL name VAL linksys wireless-g internet video camera wvc54gca COL description VAL cmos wireless wi-fi , cable COL price VAL  	0
COL name VAL linksys wireless-g internet home monitoring camera wvc54gca COL description VAL sends high-quality live audio and video to your network wirelessly viewable from most web browsers anywhere in the world built-in stream encoder stand-alone server ( no pc necessary ) security mode supports mpeg-4 mjpeg at up 640x480 four simultaneous remote users COL price VAL 99.0  	COL name VAL linksys wga600n wireless gaming adapter COL description VAL 54mbps COL price VAL  	0
COL name VAL linksys wireless-g ethernet bridge wet54g COL description VAL converts wired-ethernet devices to network connectivity for windows , macintosh linux playstation consoles xbox or anything with an port plug and play no driver installation require COL price VAL 89.0  	COL name VAL linksys etherfast ef4124 ethernet switch COL description VAL 24 x 10/100base-tx lan COL price VAL 64.99  	0
COL name VAL linksys wireless-n security router wrvs4400n COL description VAL 800 mb/s nat throughput 11 channels draft 802.11 n wireless networking technology full backwards compatibility for b & g stateful packet inspection firewall user definable access control lists snmp v1 v2c support silver finish COL price VAL  	COL name VAL linksys wireless-n wrvs4400n gigabit security router with vpn COL description VAL 4 x lan COL price VAL  	1
COL name VAL linksys wireless-g ethernet bridge wet54g COL description VAL converts wired-ethernet devices to network connectivity for windows , macintosh linux playstation consoles xbox or anything with an port plug and play no driver installation require COL price VAL 89.0  	COL name VAL linksys rangeplus wrt160n 4-port wireless-n broadband router COL description VAL ultra COL price VAL  	0
COL name VAL linksys dual-band wireless-n notebook adapter wpc600n COL description VAL high-speed ( draft 802.11 n ) networking mimo technology operates in the 2.4 and 5ghz radio bands connects to wireless-g , b a networks COL price VAL 69.0  	COL name VAL linksys wpsm54g wireless-g usb print server COL description VAL 1 x 10/100base-tx network , wi-fi ieee 802.11 b/g COL price VAL  	0
COL name VAL linksys wireless-g printserver wpsm54g COL description VAL share a multifunction printer with everyone on your network ( works most usb printers ) allows full access to printing , faxing scanning and copying functions connects directly the by 10/100 wired ethernet or 54mbps COL price VAL 99.0  	COL name VAL linksys wap4400n wireless-n access point with poe COL description VAL power over ethernet high-speed wireless for existing networks ! COL price VAL  	0
COL name VAL linksys wireless-g ethernet bridge wet54g COL description VAL converts wired-ethernet devices to network connectivity for windows , macintosh linux playstation consoles xbox or anything with an port plug and play no driver installation require COL price VAL 89.0  	COL name VAL linksys wap4400n wireless-n access point with poe COL description VAL power over ethernet high-speed wireless for existing networks ! COL price VAL  	0
COL name VAL linksys wireless-g vpn broadband silver router wrv54g COL description VAL built-in endpoint capability securely connect up to 50 remote or traveling users your office network via hotspot ready with subscriber registration , authorization and authentication functions finish COL price VAL 149.0  	COL name VAL linksys wrt610n simultaneous dual-n band wireless router COL description VAL  COL price VAL 	0
COL name VAL linksys etherfast10/100 5-port auto-sensing switch ezxs55w COL description VAL 5 port 10/100 autosensing ports with both half and full duplex modes perfect for integrating your 10baset 100basetx network hardware switched run at 10mbps , 20mbps 100mbps up to 200mbps COL price VAL 29.0  	COL name VAL linksys etherfast ef4124 ethernet switch COL description VAL 24 x 10/100base-tx lan COL price VAL 64.99  	0
COL name VAL linksys wireless-g vpn broadband silver router wrv54g COL description VAL built-in endpoint capability securely connect up to 50 remote or traveling users your office network via hotspot ready with subscriber registration , authorization and authentication functions finish COL price VAL 149.0  	COL name VAL linksys wireless-g wrt54gl broadband router COL description VAL COL price VAL  	0
COL name VAL linksys dual-band wireless-n gaming adapter wga600n COL description VAL lag-free head-to-head or internet converts wired-ethernet-ready game consoles to network connectivity works without drivers on xbox , 360 playstation2 3 and gamecube dynamically changes channels radio bands ( 2.4 5ghz ) any platform black finish COL price VAL 89.0  	COL name VAL linksys wireless-n wrvs4400n gigabit security router with vpn COL description VAL 4 x lan COL price VAL  	0
COL name VAL linksys dual-band wireless-n gaming adapter wga600n COL description VAL lag-free head-to-head or internet converts wired-ethernet-ready game consoles to network connectivity works without drivers on xbox , 360 playstation2 3 and gamecube dynamically changes channels radio bands ( 2.4 5ghz ) any platform black finish COL price VAL 89.0  	COL name VAL linksys rangeplus wrt160n 4-port wireless-n broadband router COL description VAL ultra COL price VAL  	0
COL name VAL linksys wireless-g vpn broadband silver router wrv54g COL description VAL built-in endpoint capability securely connect up to 50 remote or traveling users your office network via hotspot ready with subscriber registration , authorization and authentication functions finish COL price VAL 149.0  	COL name VAL linksys wireless-n wrvs4400n gigabit security router with vpn COL description VAL 4 x lan COL price VAL  	0
COL name VAL linksys wireless-g printserver wpsm54g COL description VAL share a multifunction printer with everyone on your network ( works most usb printers ) allows full access to printing , faxing scanning and copying functions connects directly the by 10/100 wired ethernet or 54mbps COL price VAL 99.0  	COL name VAL linksys rangeplus wrt160n 4-port wireless-n broadband router COL description VAL ultra COL price VAL  	0
COL name VAL linksys dual-band wireless-n gaming adapter wga600n COL description VAL lag-free head-to-head or internet converts wired-ethernet-ready game consoles to network connectivity works without drivers on xbox , 360 playstation2 3 and gamecube dynamically changes channels radio bands ( 2.4 5ghz ) any platform black finish COL price VAL 89.0  	COL name VAL linksys wireless-g range expander wireless bridge wre54g COL description VAL 54mbps COL price VAL  	0
COL name VAL linksys etherfast 4124 24-port ethernet switch ef4124 COL description VAL 24 autosensing 10/100 full duplex , auto mdi/mdi-x ports up to 200mbps address learning aging and data flow control compact size COL price VAL 119.0  	COL name VAL linksys instant gigabit eg005w ethernet switch COL description VAL 5-port workgroup COL price VAL  	0
COL name VAL linksys wireless-g vpn broadband silver router wrv54g COL description VAL built-in endpoint capability securely connect up to 50 remote or traveling users your office network via hotspot ready with subscriber registration , authorization and authentication functions finish COL price VAL 149.0  	COL name VAL linksys wireless-g range expander wireless bridge wre54g COL description VAL 54mbps COL price VAL  	0
COL name VAL linksys simultaneous dual-n band wireless router wrt610n COL description VAL internet-sharing and 4-port gigabit switch built-in dual-band speed range enhanced access point two , separate radio bands wireless-n technology advanced security spi firewall COL price VAL 179.0  	COL name VAL linksys wap4400n wireless-n access point with poe COL description VAL power over ethernet high-speed wireless for existing networks ! COL price VAL  	0
