COL name VAL nikon graphite black 14.5 megapixel coolpix digital camera coolpixs710bk COL description VAL effective megapixels 3.6 x zoom-nikkor lens 3.0 ' high-resolution wide-viewing angle lcd monitor optical shift vr image stabilization food and smile mode face-priority af red-eye fix d-lighting finish COL price VAL  	COL name VAL nikon digital camera leather case 5811 COL description VAL black COL price VAL 7.99  	0
COL name VAL nikon coolpix s550 blue 10.0 megapixels compact digital camera coolpixs550cb COL description VAL 5x optical zoom nikkor glass lens electronic vr image stabilization bright 2.5 ' high resolution lcd in-camera red-eye fix face-priority af d-lighting cool finish COL price VAL  	COL name VAL nikon coolpix s550 digital camera cool blue 26109 COL description VAL 10 megapixel 16:9 4x zoom 2.5 ' active matrix tft color lcd COL price VAL 169.95  	1
COL name VAL nikon coolpix s610 10 megapixel black digital camera coolpixs610bk COL description VAL 10.0 megapixels 4x zoom-nikkor lens 3.0 ' high-resolution wide-viewing angle lcd monitor scene auto selector active child mode smile and food face-priority af in-camera red-eye fix d-lighting midnight finish COL price VAL 249.0  	COL name VAL nikon digital camera leather case 5811 COL description VAL black COL price VAL 7.99  	0
COL name VAL nikon graphite black 14.5 megapixel coolpix digital camera coolpixs710bk COL description VAL effective megapixels 3.6 x zoom-nikkor lens 3.0 ' high-resolution wide-viewing angle lcd monitor optical shift vr image stabilization food and smile mode face-priority af red-eye fix d-lighting finish COL price VAL  	COL name VAL nikon coolpix s550 digital camera cool blue 26109 COL description VAL 10 megapixel 16:9 4x zoom 2.5 ' active matrix tft color lcd COL price VAL 169.95  	0
COL name VAL nikon coolpix s210 plum 8.1 megapixels digital camera coolpixs210p COL description VAL compact 3x optical zoom nikkor glass lens electronic vr image stabilization bright 2.5 ' high resolution lcd in-camera red-eye fix face-priority af d-lighting finish COL price VAL  	COL name VAL nikon en-el9 lithium ion digital camera battery pack 25353 COL description VAL ( li-ion ) 7.4 v dc photo COL price VAL 35.65  	0
COL name VAL nikon graphite black 14.5 megapixel coolpix digital camera coolpixs710bk COL description VAL effective megapixels 3.6 x zoom-nikkor lens 3.0 ' high-resolution wide-viewing angle lcd monitor optical shift vr image stabilization food and smile mode face-priority af red-eye fix d-lighting finish COL price VAL  	COL name VAL nikon coolpix p80 digital camera 26114 COL description VAL 10 megapixel with 18x optical wide-angle zoom , 2.7 ' high-resolution lcd vibration reduction image stabiliation & up to an iso6400 COL price VAL 271.72  	0
COL name VAL nikon pink 10 megapixel coolpix digital camera coolpixs60pnk COL description VAL effective megapixels 5x zoom-nikkor lens 3.5 ' wide touch screen high-resolution lcd portrait one-touch zoom scene auto selector smile timer face-priority af in-camera red-eye fix d-lighting champagne finish COL price VAL  	COL name VAL nikon en-el3e lithium ion digital camera battery 25334 COL description VAL rechargeable li-ion COL price VAL 34.24  	0
COL name VAL nikon coolpix s550 blue 10.0 megapixels compact digital camera coolpixs550cb COL description VAL 5x optical zoom nikkor glass lens electronic vr image stabilization bright 2.5 ' high resolution lcd in-camera red-eye fix face-priority af d-lighting cool finish COL price VAL  	COL name VAL nikon coolpix p80 digital camera 26114 COL description VAL 10 megapixel with 18x optical wide-angle zoom , 2.7 ' high-resolution lcd vibration reduction image stabiliation & up to an iso6400 COL price VAL 271.72  	0
COL name VAL nikon d300 digital slr camera d300body COL description VAL 12.3 megapixel dx-format cmos sensor 3 ' super density 920,000-dot vga color monitor continuous shooting up to 6 frames per second fast accurate 51-point autofocus with 3d focus tracking scene recognition system ( srs ) dynamic integrated dust reduction two liveview modes picture control settings rugged magnesium-alloy construction black finish body only COL price VAL  	COL name VAL nikon coolpix p80 digital camera 26114 COL description VAL 10 megapixel with 18x optical wide-angle zoom , 2.7 ' high-resolution lcd vibration reduction image stabiliation & up to an iso6400 COL price VAL 271.72  	0
COL name VAL nikon coolpix s550 blue 10.0 megapixels compact digital camera coolpixs550cb COL description VAL 5x optical zoom nikkor glass lens electronic vr image stabilization bright 2.5 ' high resolution lcd in-camera red-eye fix face-priority af d-lighting cool finish COL price VAL  	COL name VAL nikon coolpix s610 digital camera midnight black 26125 COL description VAL 10 megapixel 16:9 4x optical zoom 3 ' active matrix tft color lcd COL price VAL  	0
COL name VAL nikon d60 digital camera with 18-55mm lens d60outfit COL description VAL 10.2 megapixel af-s dx nikkor f/3 .5 -5.6 g vr image stabilization in-camera editing and enhanced retouch menu built-in speedlight optimization 2.5 ' lcd screen product number 25438 black finish COL price VAL  	COL name VAL nikon coolpix s550 digital camera plum 26110 COL description VAL 10 megapixel 16:9 4x zoom 2.5 ' active matrix tft color lcd COL price VAL  	0
COL name VAL nikon d60 digital camera with 18-55mm lens d60outfit COL description VAL 10.2 megapixel af-s dx nikkor f/3 .5 -5.6 g vr image stabilization in-camera editing and enhanced retouch menu built-in speedlight optimization 2.5 ' lcd screen product number 25438 black finish COL price VAL  	COL name VAL nikon coolpix s550 digital camera graphite black 26108 COL description VAL 10 megapixel 16:9 4x zoom 2.5 ' active matrix tft color lcd COL price VAL 168.72  	0
COL name VAL nikon d90 black digital slr camera with nikkor 18-105mm lens d90outfit COL description VAL 12.3 megapixel 3 ' tft lcd display d-movie shooting function expeed image processing scene recognition system in-camera retouch menu low-noise performance active d-lighting viewfinder compatible hdmi output included af-s dx vr finish COL price VAL  	COL name VAL nikon d90 digital slr camera with af-s dx nikkor 18-105mm f/3 .5 -5.6 g ed vr lens 25448 COL description VAL 12 megapixel w / 3 ' lcd , live view 4.5 fps burst & in-camera image editing COL price VAL 1159.88  	1
COL name VAL nikon d60 digital camera with 18-55mm lens d60outfit COL description VAL 10.2 megapixel af-s dx nikkor f/3 .5 -5.6 g vr image stabilization in-camera editing and enhanced retouch menu built-in speedlight optimization 2.5 ' lcd screen product number 25438 black finish COL price VAL  	COL name VAL nikon coolpix p80 digital camera 26114 COL description VAL 10 megapixel with 18x optical wide-angle zoom , 2.7 ' high-resolution lcd vibration reduction image stabiliation & up to an iso6400 COL price VAL 271.72  	0
COL name VAL nikon pink 10 megapixel coolpix digital camera coolpixs60pnk COL description VAL effective megapixels 5x zoom-nikkor lens 3.5 ' wide touch screen high-resolution lcd portrait one-touch zoom scene auto selector smile timer face-priority af in-camera red-eye fix d-lighting champagne finish COL price VAL  	COL name VAL nikon coolpix s550 digital camera graphite black 26108 COL description VAL 10 megapixel 16:9 4x zoom 2.5 ' active matrix tft color lcd COL price VAL 168.72  	0
COL name VAL nikon coolpix s550 10 megapixel black digital camera coolpixs550gb COL description VAL 10.0 megapixels 5x optical zoom nikkor glass lens electronic vr image stabilization bright 2.5 ' high resolution lcd in-camera red-eye fix face-priority af d-lighting graphite finish COL price VAL  	COL name VAL nikon coolpix s710 14 megapixel digital camera w/3 .6 x optical wide-angle zoom , 3 ' lcd smile mode in-camera red-eye fix black 26127 COL description VAL  COL price VAL 307.77 	0
COL name VAL nikon coolpix leather camera case in black 5811 COL description VAL compatible with selected s series cameras finish COL price VAL  	COL name VAL nikon coolpix s610 digital camera midnight black 26125 COL description VAL 10 megapixel 16:9 4x optical zoom 3 ' active matrix tft color lcd COL price VAL  	0
COL name VAL nikon d700 digital slr camera d700body COL description VAL 12.1 megapixels fx-format cmos sensor continuous shooting up to 5 frames per second 3 ' super-density 920,000-dot vga color monitor two live view modes rugged magnesium-alloy construction 51-point af with 3d focus tracking dynamic integrated dust reduction system 1,005-pixel matrix metering ii scene recognition black finish body only COL price VAL  	COL name VAL nikon coolpix p80 digital camera 26114 COL description VAL 10 megapixel with 18x optical wide-angle zoom , 2.7 ' high-resolution lcd vibration reduction image stabiliation & up to an iso6400 COL price VAL 271.72  	0
COL name VAL nikon d300 digital slr camera d300body COL description VAL 12.3 megapixel dx-format cmos sensor 3 ' super density 920,000-dot vga color monitor continuous shooting up to 6 frames per second fast accurate 51-point autofocus with 3d focus tracking scene recognition system ( srs ) dynamic integrated dust reduction two liveview modes picture control settings rugged magnesium-alloy construction black finish body only COL price VAL  	COL name VAL nikon coolpix s550 digital camera cool blue 26109 COL description VAL 10 megapixel 16:9 4x zoom 2.5 ' active matrix tft color lcd COL price VAL 169.95  	0
COL name VAL nikon coolpix s210 plum 8.1 megapixels digital camera coolpixs210p COL description VAL compact 3x optical zoom nikkor glass lens electronic vr image stabilization bright 2.5 ' high resolution lcd in-camera red-eye fix face-priority af d-lighting finish COL price VAL  	COL name VAL nikon d300 digital slr camera 25432 COL description VAL 12.3 megapixel 3 ' active matrix tft color lcd COL price VAL 1521.09  	0
COL name VAL nikon d60 digital camera with 18-55mm lens d60outfit COL description VAL 10.2 megapixel af-s dx nikkor f/3 .5 -5.6 g vr image stabilization in-camera editing and enhanced retouch menu built-in speedlight optimization 2.5 ' lcd screen product number 25438 black finish COL price VAL  	COL name VAL nikon en-el3e lithium ion digital camera battery 25334 COL description VAL rechargeable li-ion COL price VAL 34.24  	0
COL name VAL nikon black 13.5 megapixel coolpix digital camera coolpixp6000bk COL description VAL effective megapixels 4x zoom-nikkor lens 2.7 ' high-resolution wide-viewing angle lcd monitor optical shift vr image stabilization wired lan connectivity built-in gps unit wireless remote control in-camera red-eye fix d-lighting finish COL price VAL  	COL name VAL nikon coolpix s550 digital camera graphite black 26108 COL description VAL 10 megapixel 16:9 4x zoom 2.5 ' active matrix tft color lcd COL price VAL 168.72  	0
COL name VAL nikon coolpix s550 blue 10.0 megapixels compact digital camera coolpixs550cb COL description VAL 5x optical zoom nikkor glass lens electronic vr image stabilization bright 2.5 ' high resolution lcd in-camera red-eye fix face-priority af d-lighting cool finish COL price VAL  	COL name VAL nikon coolpix s550 digital camera graphite black 26108 COL description VAL 10 megapixel 16:9 4x zoom 2.5 ' active matrix tft color lcd COL price VAL 168.72  	0
COL name VAL nikon coolpix s550 10 megapixel black digital camera coolpixs550gb COL description VAL 10.0 megapixels 5x optical zoom nikkor glass lens electronic vr image stabilization bright 2.5 ' high resolution lcd in-camera red-eye fix face-priority af d-lighting graphite finish COL price VAL  	COL name VAL nikon coolpix s550 digital camera graphite black 26108 COL description VAL 10 megapixel 16:9 4x zoom 2.5 ' active matrix tft color lcd COL price VAL 168.72  	1
COL name VAL nikon coolpix s550 10 megapixel black digital camera coolpixs550gb COL description VAL 10.0 megapixels 5x optical zoom nikkor glass lens electronic vr image stabilization bright 2.5 ' high resolution lcd in-camera red-eye fix face-priority af d-lighting graphite finish COL price VAL  	COL name VAL nikon d700 digtal slr camera 25444 COL description VAL 12.1 megapixel 3 ' active matrix tft color lcd COL price VAL 2699.0  	0
COL name VAL nikon graphite black 14.5 megapixel coolpix digital camera coolpixs710bk COL description VAL effective megapixels 3.6 x zoom-nikkor lens 3.0 ' high-resolution wide-viewing angle lcd monitor optical shift vr image stabilization food and smile mode face-priority af red-eye fix d-lighting finish COL price VAL  	COL name VAL nikon coolpix s210 digital camera plum 26103 COL description VAL 8 megapixel with 3x optical zoom-nikkor , iso2000 2.5 ' lcd & vr image stabilization COL price VAL 118.72  	0
COL name VAL nikon coolpix s550 blue 10.0 megapixels compact digital camera coolpixs550cb COL description VAL 5x optical zoom nikkor glass lens electronic vr image stabilization bright 2.5 ' high resolution lcd in-camera red-eye fix face-priority af d-lighting cool finish COL price VAL  	COL name VAL nikon coolpix s550 digital camera plum 26110 COL description VAL 10 megapixel 16:9 4x zoom 2.5 ' active matrix tft color lcd COL price VAL  	0
COL name VAL nikon coolpix s610 10 megapixel black digital camera coolpixs610bk COL description VAL 10.0 megapixels 4x zoom-nikkor lens 3.0 ' high-resolution wide-viewing angle lcd monitor scene auto selector active child mode smile and food face-priority af in-camera red-eye fix d-lighting midnight finish COL price VAL 249.0  	COL name VAL nikon d700 digtal slr camera 25444 COL description VAL 12.1 megapixel 3 ' active matrix tft color lcd COL price VAL 2699.0  	0
COL name VAL nikon coolpix s210 plum 8.1 megapixels digital camera coolpixs210p COL description VAL compact 3x optical zoom nikkor glass lens electronic vr image stabilization bright 2.5 ' high resolution lcd in-camera red-eye fix face-priority af d-lighting finish COL price VAL  	COL name VAL nikon digital camera leather case 5811 COL description VAL black COL price VAL 7.99  	0
COL name VAL nikon coolpix s610 10 megapixel black digital camera coolpixs610bk COL description VAL 10.0 megapixels 4x zoom-nikkor lens 3.0 ' high-resolution wide-viewing angle lcd monitor scene auto selector active child mode smile and food face-priority af in-camera red-eye fix d-lighting midnight finish COL price VAL 249.0  	COL name VAL nikon coolpix s550 digital camera plum 26110 COL description VAL 10 megapixel 16:9 4x zoom 2.5 ' active matrix tft color lcd COL price VAL  	0
COL name VAL nikon d300 digital slr camera d300body COL description VAL 12.3 megapixel dx-format cmos sensor 3 ' super density 920,000-dot vga color monitor continuous shooting up to 6 frames per second fast accurate 51-point autofocus with 3d focus tracking scene recognition system ( srs ) dynamic integrated dust reduction two liveview modes picture control settings rugged magnesium-alloy construction black finish body only COL price VAL  	COL name VAL nikon digital camera leather case 5811 COL description VAL black COL price VAL 7.99  	0
COL name VAL nikon d700 digital slr camera d700body COL description VAL 12.1 megapixels fx-format cmos sensor continuous shooting up to 5 frames per second 3 ' super-density 920,000-dot vga color monitor two live view modes rugged magnesium-alloy construction 51-point af with 3d focus tracking dynamic integrated dust reduction system 1,005-pixel matrix metering ii scene recognition black finish body only COL price VAL  	COL name VAL nikon coolpix s550 digital camera plum 26110 COL description VAL 10 megapixel 16:9 4x zoom 2.5 ' active matrix tft color lcd COL price VAL  	0
COL name VAL nikon coolpix p80 digital camera in black coolpixp80 COL description VAL 10.1 megapixels 18x optical wide-angle zoom-nikkor lens 2.7 ' high-resolution lcd electronic viewfinder auto adjusts up to iso 6400 in-camera red-eye fix face-priority af d-lighting high quality tv movies with sound finish COL price VAL  	COL name VAL nikon coolpix s210 digital camera plum 26103 COL description VAL 8 megapixel with 3x optical zoom-nikkor , iso2000 2.5 ' lcd & vr image stabilization COL price VAL 118.72  	0
COL name VAL nikon d90 black digital slr camera d90body COL description VAL 12.3 megapixel 3 ' tft lcd display d-movie shooting function expeed image processing scene recognition system in-camera retouch menu low-noise performance active d-lighting viewfinder compatible with hdmi output body only lens sold separately finish COL price VAL  	COL name VAL nikon d90 12 megapixel digital slr camera w / 3 ' lcd , live view 4.5 fps burst & in-camera image editing body only 25446 COL description VAL  COL price VAL 899.95 	1
COL name VAL nikon coolpix leather camera case in black 5811 COL description VAL compatible with selected s series cameras finish COL price VAL  	COL name VAL nikon coolpix s550 digital camera graphite black 26108 COL description VAL 10 megapixel 16:9 4x zoom 2.5 ' active matrix tft color lcd COL price VAL 168.72  	0
COL name VAL nikon coolpix s610 10 megapixel black digital camera coolpixs610bk COL description VAL 10.0 megapixels 4x zoom-nikkor lens 3.0 ' high-resolution wide-viewing angle lcd monitor scene auto selector active child mode smile and food face-priority af in-camera red-eye fix d-lighting midnight finish COL price VAL 249.0  	COL name VAL nikon coolpix p6000 13 megapixels digital camera w / 4x wide angle optical zoom , 2.7 ' hi-res lcd vr image stabilization face priority af & tv movies with sound black 26135 COL description VAL  COL price VAL 	0
COL name VAL nikon coolpix leather camera case in black 5811 COL description VAL compatible with selected s series cameras finish COL price VAL  	COL name VAL nikon digital camera leather case 5811 COL description VAL black COL price VAL 7.99  	1
COL name VAL nikon 70-300mm f/4 .5 -5.6 g ed-if af-s vr zoom-nikkor lens 2161 COL description VAL in black 4.3 x telephoto zoom vibration reduction two extra-low dispersion glass elements internal focus silent wave motor COL price VAL  	COL name VAL nikon d90 digital slr camera with af-s dx nikkor 18-105mm f/3 .5 -5.6 g ed vr lens 25448 COL description VAL 12 megapixel w / 3 ' lcd , live view 4.5 fps burst & in-camera image editing COL price VAL 1159.88  	0
COL name VAL nikon coolpix s210 plum 8.1 megapixels digital camera coolpixs210p COL description VAL compact 3x optical zoom nikkor glass lens electronic vr image stabilization bright 2.5 ' high resolution lcd in-camera red-eye fix face-priority af d-lighting finish COL price VAL  	COL name VAL nikon coolpix s550 digital camera cool blue 26109 COL description VAL 10 megapixel 16:9 4x zoom 2.5 ' active matrix tft color lcd COL price VAL 169.95  	0
COL name VAL nikon coolpix s550 10 megapixel compact plum digital camera coolpixs550p COL description VAL 10.0 megapixels 5x optical zoom nikkor glass lens electronic vr image stabilization bright 2.5 ' high resolution lcd in-camera red-eye fix face-priority af d-lighting finish COL price VAL  	COL name VAL nikon en-el3e lithium ion digital camera battery 25334 COL description VAL rechargeable li-ion COL price VAL 34.24  	0
COL name VAL nikon d90 black digital slr camera d90body COL description VAL 12.3 megapixel 3 ' tft lcd display d-movie shooting function expeed image processing scene recognition system in-camera retouch menu low-noise performance active d-lighting viewfinder compatible with hdmi output body only lens sold separately finish COL price VAL  	COL name VAL nikon coolpix p80 digital camera 26114 COL description VAL 10 megapixel with 18x optical wide-angle zoom , 2.7 ' high-resolution lcd vibration reduction image stabiliation & up to an iso6400 COL price VAL 271.72  	0
COL name VAL nikon d90 black digital slr camera d90body COL description VAL 12.3 megapixel 3 ' tft lcd display d-movie shooting function expeed image processing scene recognition system in-camera retouch menu low-noise performance active d-lighting viewfinder compatible with hdmi output body only lens sold separately finish COL price VAL  	COL name VAL nikon d300 digital slr camera 25432 COL description VAL 12.3 megapixel 3 ' active matrix tft color lcd COL price VAL 1521.09  	0
COL name VAL nikon 18-200mm nikkor zoom lens black finish 2159 COL description VAL accessory compact 11x 18 200mm focal range two ed glass elements silent wave motor three aspherical vr ii system COL price VAL  	COL name VAL nikon 55-200mm f/4 -5.6 g ed if af-s dx vr zoom telephoto nikkor lens niko_216687518 COL description VAL  COL price VAL 189.95 	0
COL name VAL nikon graphite black 14.5 megapixel coolpix digital camera coolpixs710bk COL description VAL effective megapixels 3.6 x zoom-nikkor lens 3.0 ' high-resolution wide-viewing angle lcd monitor optical shift vr image stabilization food and smile mode face-priority af red-eye fix d-lighting finish COL price VAL  	COL name VAL nikon coolpix s550 digital camera plum 26110 COL description VAL 10 megapixel 16:9 4x zoom 2.5 ' active matrix tft color lcd COL price VAL  	0
COL name VAL nikon pink 10 megapixel coolpix digital camera coolpixs60pnk COL description VAL effective megapixels 5x zoom-nikkor lens 3.5 ' wide touch screen high-resolution lcd portrait one-touch zoom scene auto selector smile timer face-priority af in-camera red-eye fix d-lighting champagne finish COL price VAL  	COL name VAL nikon coolpix s550 digital camera cool blue 26109 COL description VAL 10 megapixel 16:9 4x zoom 2.5 ' active matrix tft color lcd COL price VAL 169.95  	0
COL name VAL nikon d300 digital slr camera d300body COL description VAL 12.3 megapixel dx-format cmos sensor 3 ' super density 920,000-dot vga color monitor continuous shooting up to 6 frames per second fast accurate 51-point autofocus with 3d focus tracking scene recognition system ( srs ) dynamic integrated dust reduction two liveview modes picture control settings rugged magnesium-alloy construction black finish body only COL price VAL  	COL name VAL nikon coolpix s610 digital camera midnight black 26125 COL description VAL 10 megapixel 16:9 4x optical zoom 3 ' active matrix tft color lcd COL price VAL  	0
