COL name VAL samsung 32 ' series 6 lcd black flat panel hdtv ln32a650 COL description VAL full 1080p high definition resolution 16:9 widescreen aspect ratio 50,000:1 dynamic contrast srs trusurround xt audio built-in digital tuner ( atsc/clear qam ) picture-in-picture auto volume leveler 4 hdmi slots swivel stand piano with hint amber finish COL price VAL  	COL name VAL samsung 9 series ln46a950 46 ' lcd tv COL description VAL atsc , ntsc 181 channels 16:9 1920 x 1080 surround hdtv 1080p COL price VAL 2699.98  	0
COL name VAL samsung 5 disc home theater surround sound system htz510 COL description VAL 5-disc dvd changer hdmi output 5.1 channel audio multimedia playback xm satellite radio-ready wireless ready ipod connectivity compatible black finish COL price VAL  	COL name VAL samsung ht-z510 home theater system COL description VAL dvd player , 5.1 speakers 5 disc ( s ) progressive scan 1200w rms dolby digital pro logic ii dts COL price VAL 321.55  	1
COL name VAL samsung 26 ' black flat panel series 4 lcd hdtv ln26a450 COL description VAL 5,000:1 dynamic contrast ratio 1366 x 768 true 720p resolution 8mm response time cold cathode fluorescent lamp ( ccfl ) hidden bottom speakers srs trusurround xt built-in atsc/clear qam tuner v-chip system finish COL price VAL  	COL name VAL samsung 6 series ln32a650 32 ' lcd tv COL description VAL 1080p hdtv 50,000:1 dynamic contrast ratio 4ms response time COL price VAL 916.13  	0
COL name VAL samsung 50 ' widescreen plasma hdtv pn50a650 COL description VAL touch of color ultra filterbright anti glare technology 1,000,000:1 dynamic contrast ratio picture-in-picture anti-burn-in sports/game/movie modes single integrated user interface with wheel-key remote atsc/ntsc/clear qa tuners COL price VAL  	COL name VAL samsung ln46a860 46 ' lcd tv ( widescreen , 1920x1080 50000:1 hdtv ) COL description VAL  COL price VAL 1889.98 	0
COL name VAL samsung 19 ' black flat panel series 4 lcd hdtv ln19a450 COL description VAL 3,000:1 dynamic contrast ratio 1440 x 900 true 720p resolution 8ms response time cold cathode fluorescent lamp ( ccfl ) hidden bottom speakers srs trusurround xt built-in atsc/clear qam tuner v-chip system finish COL price VAL  	COL name VAL samsung 4 series ln26a450 26 ' lcd tv COL description VAL widescreen 720p hdtv 5000:1 dynamic contrast ratio 8ms response time piano black COL price VAL 549.0  	0
COL name VAL samsung 37 ' series 5 lcd black flat panel hdtv ln37a550 COL description VAL full 1080p high definition resolution 16:9 widescreen aspect ratio 15,000:1 dynamic contrast 5ms response time srs trusurround xt audio built-in digital tuner ( atsc/clear qam ) picture-in-picture sound leveler 3 hdmi slots swivel stand finish COL price VAL  	COL name VAL samsung 6 series ln19a650 19 ' lcd tv COL description VAL widescreen hdtv 3,000:1 dynamic contrast ratio 8ms response time COL price VAL 369.0  	0
COL name VAL samsung black blu-ray player bdp1500 COL description VAL 1080p with 24hz video output x.v.color connectivity ( hdmi v1 .3 option ) selectable dvd upconversion 720p/1080i/1080p anynet + hdmi-cec dolby digital , plus truehd and dts-hd master audio ethernet port finish COL price VAL  	COL name VAL samsung dvd-1080p8 dvd player COL description VAL + rw , dvd-rw cd-rw video jpeg mp3 wma mpeg-4 audio cd cd-da divx playback progressive scan COL price VAL 72.11  	0
COL name VAL samsung 63 ' black flat panel series 6 plasma hdtv pn63a650 COL description VAL 1920 x 1080 full hd resolution 1,000,000:1 dynamic contrast ratio dnie pro picture-in-picture srs trusurroundxt ultra filterbright anti glare filter 100,000 hour life touch of color atsc/ntsc/clear qam built-in tuner with red finish COL price VAL  	COL name VAL samsung pn50a450 50 ' plasma tv COL description VAL widescreen 720p hdtv 1,000,000:1 dynamic contrast ratio piano black COL price VAL 995.0  	0
COL name VAL samsung 19 ' black flat panel series 6 lcd hdtv ln19a650 COL description VAL 1440 x 900 true 720p resolution 3,000:1 dynamic contrast ratio srs trusurround xt built-in digital tuner ( atsc/clear qam ) wide color enhancer 8ms response time touch of design with red finish COL price VAL 499.0  	COL name VAL samsung ln52a650 52 ' lcd tv COL description VAL 1080p hdtv 50,000:1 dynamic contrast ratio 120hz 4ms response time COL price VAL 1895.0  	0
COL name VAL samsung 37 ' series 4 lcd black flat panel hdtv ln37a450 COL description VAL true 720p high definition resolution 16:9 widescreen aspect ratio 10,000:1 dynamic contrast 6ms response time srs trusurround xt audio built-in digital tuner ( atsc/clear qam ) 3 hdmi slots hidden bottom speakers swivel stand finish COL price VAL  	COL name VAL samsung 4 series ln26a450 26 ' lcd tv COL description VAL widescreen 720p hdtv 5000:1 dynamic contrast ratio 8ms response time piano black COL price VAL 549.0  	0
COL name VAL samsung 46 ' series 6 lcd black flat panel hdtv ln46a650 COL description VAL full 1080p high definition resolution 16:9 widescreen aspect ratio 50,000:1 dynamic contrast 4ms response time and auto motion plus 120hz technology srs trusurround xt audio built-in digital tuner ( atsc/clear qam ) picture-in-picture volume leveler 4 hdmi slots swivel stand piano with hint amber finish COL price VAL  	COL name VAL samsung ln52a650 52 ' lcd tv COL description VAL 1080p hdtv 50,000:1 dynamic contrast ratio 120hz 4ms response time COL price VAL 1895.0  	0
COL name VAL samsung 46 ' series 9 lcd black flat panel hdtv ln46a950 COL description VAL full 1080p high definition resolution 1,000,000:1 dynamic contrast ratio auto motion plus 120hz built-in digital tuner ( ntsc/atsc/clear qam ) 4ms response time srs trusurround xt down firing speakers picture-in-picture pip integrated woofer wide color gamut led backlight finish COL price VAL  	COL name VAL samsung 4 series ln26a450 26 ' lcd tv COL description VAL widescreen 720p hdtv 5000:1 dynamic contrast ratio 8ms response time piano black COL price VAL 549.0  	0
COL name VAL samsung 46 ' series 5 lcd black flat panel hdtv ln46a550 COL description VAL full 1080p high definition resolution 16:9 widescreen aspect ratio 30,000:1 dynamic contrast 5ms response time srs trusurround xt audio built-in digital tuner ( atsc/clear qam ) picture-in-picture sound leveler 3 hdmi slots swivel stand finish COL price VAL  	COL name VAL samsung ln32a450 32 ' 720p lcd hdtv COL description VAL  COL price VAL 	0
COL name VAL samsung 37 ' series 4 lcd black flat panel hdtv ln37a450 COL description VAL true 720p high definition resolution 16:9 widescreen aspect ratio 10,000:1 dynamic contrast 6ms response time srs trusurround xt audio built-in digital tuner ( atsc/clear qam ) 3 hdmi slots hidden bottom speakers swivel stand finish COL price VAL  	COL name VAL samsung 7 series ln46a750 46 ' lcd tv ln46a750r1fxza COL description VAL 1080p hdtv 50,000:1 dynamic contrast ratio 6ms response time 120hz COL price VAL 1537.77  	0
COL name VAL samsung 5 disc home theater surround sound system htz510 COL description VAL 5-disc dvd changer hdmi output 5.1 channel audio multimedia playback xm satellite radio-ready wireless ready ipod connectivity compatible black finish COL price VAL  	COL name VAL samsung dvd hm theater sys 5 disc nic ht-z410 / xaa COL description VAL  COL price VAL 235.14 	0
COL name VAL samsung 32 ' series 6 lcd black flat panel hdtv ln32a650 COL description VAL full 1080p high definition resolution 16:9 widescreen aspect ratio 50,000:1 dynamic contrast srs trusurround xt audio built-in digital tuner ( atsc/clear qam ) picture-in-picture auto volume leveler 4 hdmi slots swivel stand piano with hint amber finish COL price VAL  	COL name VAL samsung ln32a450 32 ' 720p lcd hdtv COL description VAL  COL price VAL 	0
COL name VAL samsung 46 ' series 8 lcd black flat panel hdtv ln46a860 COL description VAL touch of color design full 1080p high definition resolution 50,000:1 dynamic contrast ratio auto motion plus 120hz built-in digital tuner ( atsc/clear qam ) 4ms response time srs trusurround xt down firing speakers slim depth and narrow bezel with blue finish COL price VAL  	COL name VAL samsung ln46a650 46 ' lcd tv COL description VAL 1080p hdtv 50,000:1 dynamic contrast ratio 120hz 4ms response time COL price VAL 1599.98  	0
COL name VAL samsung 46 ' series 9 lcd black flat panel hdtv ln46a950 COL description VAL full 1080p high definition resolution 1,000,000:1 dynamic contrast ratio auto motion plus 120hz built-in digital tuner ( ntsc/atsc/clear qam ) 4ms response time srs trusurround xt down firing speakers picture-in-picture pip integrated woofer wide color gamut led backlight finish COL price VAL  	COL name VAL samsung 4 series ln32a450 32 ' lcd tv COL description VAL widescreen 720p hdtv 10000:1 dynamic contrast ratio 6ms response time piano black COL price VAL 578.0  	0
COL name VAL samsung 52 ' series 8 lcd black flat panel hdtv ln52a850 COL description VAL full 1080p ( 1920x1080 ) resolution touch of color auto motion plus 120hz 50,000:1 dynamic contrast ratio 4ms response time srs trusurround xt built-in digital tuner atsc/clear qam with red accent finish COL price VAL  	COL name VAL samsung 9 series ln46a950 46 ' lcd tv COL description VAL atsc , ntsc 181 channels 16:9 1920 x 1080 surround hdtv 1080p COL price VAL 2699.98  	0
COL name VAL samsung 46 ' series 8 lcd black flat panel hdtv ln46a860 COL description VAL touch of color design full 1080p high definition resolution 50,000:1 dynamic contrast ratio auto motion plus 120hz built-in digital tuner ( atsc/clear qam ) 4ms response time srs trusurround xt down firing speakers slim depth and narrow bezel with blue finish COL price VAL  	COL name VAL samsung ln46a860 46 ' lcd tv ( widescreen , 1920x1080 50000:1 hdtv ) COL description VAL  COL price VAL 1889.98 	1
COL name VAL samsung 46 ' series 6 lcd black flat panel hdtv ln46a650 COL description VAL full 1080p high definition resolution 16:9 widescreen aspect ratio 50,000:1 dynamic contrast 4ms response time and auto motion plus 120hz technology srs trusurround xt audio built-in digital tuner ( atsc/clear qam ) picture-in-picture volume leveler 4 hdmi slots swivel stand piano with hint amber finish COL price VAL  	COL name VAL samsung 6 series hl61a650 61 ' projection tv COL description VAL widescreen 1080p dlp hdtv w / built in ntsc/atsc tuner piano black COL price VAL 1076.94  	0
COL name VAL samsung 40 ' series 6 lcd black flat panel hdtv ln40a650 COL description VAL full 1080p high definition resolution 16:9 widescreen aspect ratio 50,000:1 dynamic contrast 4ms response time and auto motion plus 120hz technology srs trusurround xt audio built-in digital tuner ( atsc/clear qam ) picture-in-picture volume leveler 4 hdmi slots swivel stand piano with hint amber finish COL price VAL  	COL name VAL samsung ln32a450 32 ' 720p lcd hdtv COL description VAL  COL price VAL 	0
COL name VAL samsung 22 ' black flat panel series 6 lcd hdtv ln22a650 COL description VAL 1680 x 1050 true 720p resolution 5,000:1 dynamic contrast ratio srs trusurround xt built-in digital tuner ( atsc/clear qam ) wide color enhancer 8ms response time touch of design with red finish COL price VAL 599.0  	COL name VAL samsung 6 series ln32a650 32 ' lcd tv COL description VAL 1080p hdtv 50,000:1 dynamic contrast ratio 4ms response time COL price VAL 916.13  	0
COL name VAL samsung 50 ' black flat panel series 4 plasma hdtv pn50a450 COL description VAL 1366 x 768 true 720p resolution 1,000,000:1 dynamic contrast ratio filterbright anti-glare and anti burn-in technology built-in tuner ( atsc/ntsc ) with clear qam srs trusurround xt 3d hd ready swivel stand finish COL price VAL  	COL name VAL samsung pn50a550 50 ' plasma tv COL description VAL widescreen 1080p hdtv 1,000,000:1 dynamic contrast ratio piano black COL price VAL 1499.98  	0
COL name VAL samsung 2.1 channel bluetooth home theater system htx710t COL description VAL built-in wall mountable upscaling dvd player virtual surround sound toc tv matching design 400 watts total power black finish COL price VAL  	COL name VAL samsung htx810t home theater system COL description VAL ht-x810 2.1 soundbar COL price VAL 580.14  	0
COL name VAL samsung 52 ' series 5 lcd black flat panel hdtv ln52a550 COL description VAL full 1080p high definition resolution 16:9 widescreen aspect ratio 30,000:1 dynamic contrast 5ms response time srs trusurround xt audio built-in digital tuner ( atsc/clear qam ) picture-in-picture sound leveler 3 hdmi slots swivel stand finish COL price VAL  	COL name VAL samsung ln52a650 52 ' lcd tv COL description VAL 1080p hdtv 50,000:1 dynamic contrast ratio 120hz 4ms response time COL price VAL 1895.0  	0
COL name VAL samsung 58 ' black flat panel series 5 plasma hdtv pn58a550 COL description VAL 1920 x 1080 full hd resolution 1,000,000:1 dynamic contrast ratio filterbright anti-glare and anti burn-in technology built-in tuner ( atsc/ntsc ) with clear qam srs trusurround xt 3d ready swivel stand finish COL price VAL  	COL name VAL samsung 5 series ln37a550 37 ' lcd tv COL description VAL widescreen 1080p hdtv 15,000:1 dynamic contrast ratio 5ms response time piano black COL price VAL 944.0  	0
COL name VAL samsung 32 ' series 5 lcd black flat panel hdtv ln32a550 COL description VAL full 1080p high definition resolution 16:9 widescreen aspect ratio 30,000:1 dynamic contrast 5ms response time srs trusurround xt audio built-in digital tuner ( atsc/clear qam ) picture-in-picture sound leveler 3 hdmi slots swivel stand finish COL price VAL  	COL name VAL samsung ln40a550 40 ' lcd tv COL description VAL widescreen 1080p hdtv 30,000:1 dynamic contrast ratio 5ms response time piano black COL price VAL 910.99  	0
COL name VAL samsung 52 ' series 8 lcd black flat panel hdtv ln52a860 COL description VAL touch of color design full 1080p high definition resolution 50,000:1 dynamic contrast ratio auto motion plus 120hz built-in digital tuner ( atsc/clear qam ) 4ms response time srs trusurround xt down firing speakers slim depth and narrow bezel with blue finish COL price VAL  	COL name VAL samsung 4 series ln26a450 26 ' lcd tv COL description VAL widescreen 720p hdtv 5000:1 dynamic contrast ratio 8ms response time piano black COL price VAL 549.0  	0
COL name VAL samsung 32 ' series 6 lcd black flat panel hdtv ln32a650 COL description VAL full 1080p high definition resolution 16:9 widescreen aspect ratio 50,000:1 dynamic contrast srs trusurround xt audio built-in digital tuner ( atsc/clear qam ) picture-in-picture auto volume leveler 4 hdmi slots swivel stand piano with hint amber finish COL price VAL  	COL name VAL samsung 6 series hl61a650 61 ' projection tv COL description VAL widescreen 1080p dlp hdtv w / built in ntsc/atsc tuner piano black COL price VAL 1076.94  	0
COL name VAL samsung 22 ' white flat panel lcd hdtv ln22a451 COL description VAL series 4 1680 x 1050 resolution 3000:1 contrast ratio srs trusurround xt cold cathode fluorescent lamp ( ccfl ) 8ms response time hidden bottom speakers pc compatible finish COL price VAL  	COL name VAL samsung ln52a650 52 ' lcd tv COL description VAL 1080p hdtv 50,000:1 dynamic contrast ratio 120hz 4ms response time COL price VAL 1895.0  	0
COL name VAL samsung 19 ' black flat panel series 6 lcd hdtv ln19a650 COL description VAL 1440 x 900 true 720p resolution 3,000:1 dynamic contrast ratio srs trusurround xt built-in digital tuner ( atsc/clear qam ) wide color enhancer 8ms response time touch of design with red finish COL price VAL 499.0  	COL name VAL samsung 4 series ln32a450 32 ' lcd tv COL description VAL widescreen 720p hdtv 10000:1 dynamic contrast ratio 6ms response time piano black COL price VAL 578.0  	0
COL name VAL samsung 37 ' series 5 lcd black flat panel hdtv ln37a550 COL description VAL full 1080p high definition resolution 16:9 widescreen aspect ratio 15,000:1 dynamic contrast 5ms response time srs trusurround xt audio built-in digital tuner ( atsc/clear qam ) picture-in-picture sound leveler 3 hdmi slots swivel stand finish COL price VAL  	COL name VAL samsung 4 series ln26a450 26 ' lcd tv COL description VAL widescreen 720p hdtv 5000:1 dynamic contrast ratio 8ms response time piano black COL price VAL 549.0  	0
COL name VAL samsung 46 ' series 8 lcd black flat panel hdtv ln46a860 COL description VAL touch of color design full 1080p high definition resolution 50,000:1 dynamic contrast ratio auto motion plus 120hz built-in digital tuner ( atsc/clear qam ) 4ms response time srs trusurround xt down firing speakers slim depth and narrow bezel with blue finish COL price VAL  	COL name VAL samsung 5 series ln37a550 37 ' lcd tv COL description VAL widescreen 1080p hdtv 15,000:1 dynamic contrast ratio 5ms response time piano black COL price VAL 944.0  	0
COL name VAL samsung 5 disc black home theater system htz410t COL description VAL 1000 watts total power usb host play dolby digital , pro logic ii and dts decoders 1080p upconversion divx playback hdmi-cec finish COL price VAL  	COL name VAL samsung htz410t home theater system COL description VAL ht-z410t 5 disc surround sound with hdmi and divx playback COL price VAL 279.0  	1
COL name VAL samsung 52 ' series 5 lcd black flat panel hdtv ln52a550 COL description VAL full 1080p high definition resolution 16:9 widescreen aspect ratio 30,000:1 dynamic contrast 5ms response time srs trusurround xt audio built-in digital tuner ( atsc/clear qam ) picture-in-picture sound leveler 3 hdmi slots swivel stand finish COL price VAL  	COL name VAL samsung 4 series ln22a450 22 ' lcd tv COL description VAL widescreen 720p hdtv 3000:1 dynamic contrast ratio 8ms response time piano black COL price VAL 397.77  	0
COL name VAL samsung 50 ' black flat panel series 4 plasma hdtv pn50a450 COL description VAL 1366 x 768 true 720p resolution 1,000,000:1 dynamic contrast ratio filterbright anti-glare and anti burn-in technology built-in tuner ( atsc/ntsc ) with clear qam srs trusurround xt 3d hd ready swivel stand finish COL price VAL  	COL name VAL samsung 4 series ln37a450 37 ' lcd tv COL description VAL widescreen 720p hdtv 10,000:1 dynamic contrast ratio 6ms response time piano black COL price VAL 796.82  	0
COL name VAL samsung 19 ' black flat panel series 6 lcd hdtv ln19a650 COL description VAL 1440 x 900 true 720p resolution 3,000:1 dynamic contrast ratio srs trusurround xt built-in digital tuner ( atsc/clear qam ) wide color enhancer 8ms response time touch of design with red finish COL price VAL 499.0  	COL name VAL samsung 9 series ln46a950 46 ' lcd tv COL description VAL atsc , ntsc 181 channels 16:9 1920 x 1080 surround hdtv 1080p COL price VAL 2699.98  	0
COL name VAL samsung 37 ' series 5 lcd black flat panel hdtv ln37a550 COL description VAL full 1080p high definition resolution 16:9 widescreen aspect ratio 15,000:1 dynamic contrast 5ms response time srs trusurround xt audio built-in digital tuner ( atsc/clear qam ) picture-in-picture sound leveler 3 hdmi slots swivel stand finish COL price VAL  	COL name VAL samsung 9 series ln55a950 55 ' lcd tv COL description VAL atsc , ntsc 181 channels 16:9 1920 x 1080 surround hdtv 1080p COL price VAL 4049.98  	0
COL name VAL samsung 67 ' black widescreen series 7 led dlp hdtv hl67a750 COL description VAL 1920 x 1080p resolution 10,000:1 contrast ratio digital noise reduction cinemapure color engine get the full effect of 3d backlight ntsc/atsc/clear qam built-in tuners 60,000 hours lamp life finish COL price VAL  	COL name VAL samsung pn42a450 42 ' widescreen 720p plasma hdtv 100,000:1 dynamic contrast ratio piano black pn42a450p COL description VAL  COL price VAL 899.99 	0
COL name VAL samsung 46 ' series 8 lcd black flat panel hdtv ln46a860 COL description VAL touch of color design full 1080p high definition resolution 50,000:1 dynamic contrast ratio auto motion plus 120hz built-in digital tuner ( atsc/clear qam ) 4ms response time srs trusurround xt down firing speakers slim depth and narrow bezel with blue finish COL price VAL  	COL name VAL samsung 4 series ln32a450 32 ' lcd tv COL description VAL widescreen 720p hdtv 10000:1 dynamic contrast ratio 6ms response time piano black COL price VAL 578.0  	0
COL name VAL samsung 58 ' black flat panel series 5 plasma hdtv pn58a550 COL description VAL 1920 x 1080 full hd resolution 1,000,000:1 dynamic contrast ratio filterbright anti-glare and anti burn-in technology built-in tuner ( atsc/ntsc ) with clear qam srs trusurround xt 3d ready swivel stand finish COL price VAL  	COL name VAL samsung pn50a450 50 ' plasma tv COL description VAL widescreen 720p hdtv 1,000,000:1 dynamic contrast ratio piano black COL price VAL 995.0  	0
COL name VAL samsung 5 disc home theater surround sound system httz515 COL description VAL 5.1 channel capability usb host play ipod dock divx playback dolby digital , pro logic and dts black finish COL price VAL  	COL name VAL samsung htx810t home theater system COL description VAL ht-x810 2.1 soundbar COL price VAL 580.14  	0
COL name VAL samsung 50 ' widescreen plasma hdtv pn50a650 COL description VAL touch of color ultra filterbright anti glare technology 1,000,000:1 dynamic contrast ratio picture-in-picture anti-burn-in sports/game/movie modes single integrated user interface with wheel-key remote atsc/ntsc/clear qa tuners COL price VAL  	COL name VAL samsung pn63a650 63 ' widescreen 1080p plasma hdtv 1,000,000:1 dynamic contrast ratio touch of color design pn63a650t COL description VAL  COL price VAL 3448.0 	0
COL name VAL samsung 37 ' series 5 lcd black flat panel hdtv ln37a550 COL description VAL full 1080p high definition resolution 16:9 widescreen aspect ratio 15,000:1 dynamic contrast 5ms response time srs trusurround xt audio built-in digital tuner ( atsc/clear qam ) picture-in-picture sound leveler 3 hdmi slots swivel stand finish COL price VAL  	COL name VAL samsung ln32a550 32 ' lcd tv COL description VAL widescreen 1080p hdtv 15,000:1 dynamic contrast ratio 5ms response time piano black COL price VAL 849.0  	0
COL name VAL samsung 37 ' series 4 lcd black flat panel hdtv ln37a450 COL description VAL true 720p high definition resolution 16:9 widescreen aspect ratio 10,000:1 dynamic contrast 6ms response time srs trusurround xt audio built-in digital tuner ( atsc/clear qam ) 3 hdmi slots hidden bottom speakers swivel stand finish COL price VAL  	COL name VAL samsung 4 series ln37a450 37 ' lcd tv COL description VAL widescreen 720p hdtv 10,000:1 dynamic contrast ratio 6ms response time piano black COL price VAL 796.82  	1
COL name VAL samsung 52 ' series 5 lcd black flat panel hdtv ln52a550 COL description VAL full 1080p high definition resolution 16:9 widescreen aspect ratio 30,000:1 dynamic contrast 5ms response time srs trusurround xt audio built-in digital tuner ( atsc/clear qam ) picture-in-picture sound leveler 3 hdmi slots swivel stand finish COL price VAL  	COL name VAL samsung 6 series ln19a650 19 ' lcd tv COL description VAL widescreen hdtv 3,000:1 dynamic contrast ratio 8ms response time COL price VAL 369.0  	0
COL name VAL samsung 32 ' black flat panel series 4 lcd hdtv ln32a450 COL description VAL 10,000:1 dynamic contrast ratio 1366 x 768 true 720p resolution 6ms response time cold cathode fluorescent lamp ( ccfl ) hidden bottom speakers srs trusurround xt built-in atsc/clear qam tuner v-chip system swivel stand finish COL price VAL  	COL name VAL samsung 4 series ln26a450 26 ' lcd tv COL description VAL widescreen 720p hdtv 5000:1 dynamic contrast ratio 8ms response time piano black COL price VAL 549.0  	0
COL name VAL samsung 37 ' series 4 lcd black flat panel hdtv ln37a450 COL description VAL true 720p high definition resolution 16:9 widescreen aspect ratio 10,000:1 dynamic contrast 6ms response time srs trusurround xt audio built-in digital tuner ( atsc/clear qam ) 3 hdmi slots hidden bottom speakers swivel stand finish COL price VAL  	COL name VAL samsung 9 series ln46a950 46 ' lcd tv COL description VAL atsc , ntsc 181 channels 16:9 1920 x 1080 surround hdtv 1080p COL price VAL 2699.98  	0
COL name VAL samsung 32 ' series 5 lcd black flat panel hdtv ln32a550 COL description VAL full 1080p high definition resolution 16:9 widescreen aspect ratio 30,000:1 dynamic contrast 5ms response time srs trusurround xt audio built-in digital tuner ( atsc/clear qam ) picture-in-picture sound leveler 3 hdmi slots swivel stand finish COL price VAL  	COL name VAL samsung 4 series ln32a450 32 ' lcd tv COL description VAL widescreen 720p hdtv 10000:1 dynamic contrast ratio 6ms response time piano black COL price VAL 578.0  	0
COL name VAL samsung 5 disc black home theater system htz410t COL description VAL 1000 watts total power usb host play dolby digital , pro logic ii and dts decoders 1080p upconversion divx playback hdmi-cec finish COL price VAL  	COL name VAL samsung ht-tz515 home theater system htz515/xaa COL description VAL 5 dvd hm wi-fi xm ready nic COL price VAL  	0
COL name VAL samsung 52 ' series 7 black flat panel lcd hdtv ln52a750 COL description VAL 1920 x 1080 full hd resolution 50,000:1 dynamic contrast ratio 4ms response time srs trusurround xt touch of color design auto motion plus 120hz ultra clear pre-loaded content finish COL price VAL  	COL name VAL samsung ln52a650 52 ' lcd tv COL description VAL 1080p hdtv 50,000:1 dynamic contrast ratio 120hz 4ms response time COL price VAL 1895.0  	0
COL name VAL samsung 52 ' series 8 lcd black flat panel hdtv ln52a860 COL description VAL touch of color design full 1080p high definition resolution 50,000:1 dynamic contrast ratio auto motion plus 120hz built-in digital tuner ( atsc/clear qam ) 4ms response time srs trusurround xt down firing speakers slim depth and narrow bezel with blue finish COL price VAL  	COL name VAL samsung 9 series ln55a950 55 ' lcd tv COL description VAL atsc , ntsc 181 channels 16:9 1920 x 1080 surround hdtv 1080p COL price VAL 4049.98  	0
COL name VAL samsung 46 ' series 7 lcd black flat panel hdtv ln46a750 COL description VAL touch of color design full 1080p high definition resolution 16:9 widescreen aspect ratio 50,000:1 dynamic contrast 4ms response time srs trusurround xt audio built-in digital tuner ( atsc/clear qam ) picture-in-picture 4 hdmi connections 3 rear/1 side with red accent finish COL price VAL  	COL name VAL samsung 6 series ln19a650 19 ' lcd tv COL description VAL widescreen hdtv 3,000:1 dynamic contrast ratio 8ms response time COL price VAL 369.0  	0
COL name VAL samsung s3 black multimedia player yps3jab COL description VAL 4 gb internal flash memory 1.8 ' tft lcd display touch-sensitive led controls multi-formats support dnse 2.0 sound engine fm tuner and recorder with presets up to 25 hours audio playback video finish COL price VAL  	COL name VAL samsung yp-s2zw 1gb flash mp3 player yp-s2zg / xaa COL description VAL memory green COL price VAL 29.67  	0
COL name VAL samsung 32 ' series 5 lcd black flat panel hdtv ln32a550 COL description VAL full 1080p high definition resolution 16:9 widescreen aspect ratio 30,000:1 dynamic contrast 5ms response time srs trusurround xt audio built-in digital tuner ( atsc/clear qam ) picture-in-picture sound leveler 3 hdmi slots swivel stand finish COL price VAL  	COL name VAL samsung 7 series ln46a750 46 ' lcd tv ln46a750r1fxza COL description VAL 1080p hdtv 50,000:1 dynamic contrast ratio 6ms response time 120hz COL price VAL 1537.77  	0
COL name VAL samsung 42 ' black flat panel series 4 plasma hdtv pn42a450p COL description VAL 1024 x 768p resolution 1,000,000:1 dynamic contrast ratio filterbright anti glare filter dnie technology acesilhouette editor burn-in 3d srs trusurround xt atsc/ntsc/clear qam built-in tuners finish COL price VAL  	COL name VAL samsung 4 series ln32a450 32 ' lcd tv COL description VAL widescreen 720p hdtv 10000:1 dynamic contrast ratio 6ms response time piano black COL price VAL 578.0  	0
COL name VAL samsung 46 ' series 9 lcd black flat panel hdtv ln46a950 COL description VAL full 1080p high definition resolution 1,000,000:1 dynamic contrast ratio auto motion plus 120hz built-in digital tuner ( ntsc/atsc/clear qam ) 4ms response time srs trusurround xt down firing speakers picture-in-picture pip integrated woofer wide color gamut led backlight finish COL price VAL  	COL name VAL samsung 9 series ln55a950 55 ' lcd tv COL description VAL atsc , ntsc 181 channels 16:9 1920 x 1080 surround hdtv 1080p COL price VAL 4049.98  	0
COL name VAL samsung 52 ' series 6 lcd black flat panel hdtv ln52a650 COL description VAL full 1080p high definition resolution 16:9 widescreen aspect ratio 50,000:1 dynamic contrast 4ms response time and auto motion plus 120hz technology srs trusurround xt audio built-in digital tuner ( atsc/clear qam ) picture-in-picture volume leveler 4 hdmi slots swivel stand piano with hint amber finish COL price VAL  	COL name VAL samsung 4 series ln26a450 26 ' lcd tv COL description VAL widescreen 720p hdtv 5000:1 dynamic contrast ratio 8ms response time piano black COL price VAL 549.0  	0
COL name VAL samsung 22 ' white flat panel lcd hdtv ln22a451 COL description VAL series 4 1680 x 1050 resolution 3000:1 contrast ratio srs trusurround xt cold cathode fluorescent lamp ( ccfl ) 8ms response time hidden bottom speakers pc compatible finish COL price VAL  	COL name VAL samsung 4 series ln26a450 26 ' lcd tv COL description VAL widescreen 720p hdtv 5000:1 dynamic contrast ratio 8ms response time piano black COL price VAL 549.0  	0
COL name VAL samsung 52 ' series 8 lcd black flat panel hdtv ln52a850 COL description VAL full 1080p ( 1920x1080 ) resolution touch of color auto motion plus 120hz 50,000:1 dynamic contrast ratio 4ms response time srs trusurround xt built-in digital tuner atsc/clear qam with red accent finish COL price VAL  	COL name VAL samsung 9 series ln55a950 55 ' lcd tv COL description VAL atsc , ntsc 181 channels 16:9 1920 x 1080 surround hdtv 1080p COL price VAL 4049.98  	0
COL name VAL samsung 46 ' series 6 lcd black flat panel hdtv ln46a650 COL description VAL full 1080p high definition resolution 16:9 widescreen aspect ratio 50,000:1 dynamic contrast 4ms response time and auto motion plus 120hz technology srs trusurround xt audio built-in digital tuner ( atsc/clear qam ) picture-in-picture volume leveler 4 hdmi slots swivel stand piano with hint amber finish COL price VAL  	COL name VAL samsung ln46a650 46 ' lcd tv COL description VAL 1080p hdtv 50,000:1 dynamic contrast ratio 120hz 4ms response time COL price VAL 1599.98  	1
COL name VAL samsung 50 ' black flat panel series 4 plasma hdtv pn50a450 COL description VAL 1366 x 768 true 720p resolution 1,000,000:1 dynamic contrast ratio filterbright anti-glare and anti burn-in technology built-in tuner ( atsc/ntsc ) with clear qam srs trusurround xt 3d hd ready swivel stand finish COL price VAL  	COL name VAL samsung 5 series ln37a550 37 ' lcd tv COL description VAL widescreen 1080p hdtv 15,000:1 dynamic contrast ratio 5ms response time piano black COL price VAL 944.0  	0
COL name VAL samsung 46 ' series 6 lcd black flat panel hdtv ln46a650 COL description VAL full 1080p high definition resolution 16:9 widescreen aspect ratio 50,000:1 dynamic contrast 4ms response time and auto motion plus 120hz technology srs trusurround xt audio built-in digital tuner ( atsc/clear qam ) picture-in-picture volume leveler 4 hdmi slots swivel stand piano with hint amber finish COL price VAL  	COL name VAL samsung 6 series ln32a650 32 ' lcd tv COL description VAL 1080p hdtv 50,000:1 dynamic contrast ratio 4ms response time COL price VAL 916.13  	0
COL name VAL samsung 42 ' black flat panel series 4 plasma hdtv pn42a450p COL description VAL 1024 x 768p resolution 1,000,000:1 dynamic contrast ratio filterbright anti glare filter dnie technology acesilhouette editor burn-in 3d srs trusurround xt atsc/ntsc/clear qam built-in tuners finish COL price VAL  	COL name VAL samsung pn50a450 50 ' plasma tv COL description VAL widescreen 720p hdtv 1,000,000:1 dynamic contrast ratio piano black COL price VAL 995.0  	0
COL name VAL samsung sound bar home theater system htx810 COL description VAL htx810t 300 watts 2.1 channel dolby digital and dts 5.1 virtual surround built-in 1080p upconverting dvd player wireless subwoofer usb host play bluetooth capable smart volume wall mountable black finish COL price VAL  	COL name VAL samsung dvd hm theater sys 5 disc nic ht-z410 / xaa COL description VAL  COL price VAL 235.14 	0
COL name VAL samsung 52 ' series 6 lcd black flat panel hdtv ln52a650 COL description VAL full 1080p high definition resolution 16:9 widescreen aspect ratio 50,000:1 dynamic contrast 4ms response time and auto motion plus 120hz technology srs trusurround xt audio built-in digital tuner ( atsc/clear qam ) picture-in-picture volume leveler 4 hdmi slots swivel stand piano with hint amber finish COL price VAL  	COL name VAL samsung ln40a650 40 ' lcd tv COL description VAL 1080p hdtv 50,000:1 dynamic contrast ratio 120hz 4ms response time COL price VAL 1279.98  	0
COL name VAL samsung 52 ' series 7 black flat panel lcd hdtv ln52a750 COL description VAL 1920 x 1080 full hd resolution 50,000:1 dynamic contrast ratio 4ms response time srs trusurround xt touch of color design auto motion plus 120hz ultra clear pre-loaded content finish COL price VAL  	COL name VAL samsung 4 series ln37a450 37 ' lcd tv COL description VAL widescreen 720p hdtv 10,000:1 dynamic contrast ratio 6ms response time piano black COL price VAL 796.82  	0
COL name VAL samsung black blu-ray disc player bdp2500 COL description VAL full hd 1080p bd live 2.0 ready netflix instant streaming ethernet and usb for firmware upgrades dolby digital plus , true-hd dts-hd upgradable hdmi-cec ( anynet + ) finish COL price VAL  	COL name VAL samsung bdp-1500 blu-ray dvd player bdp1500 COL description VAL  COL price VAL 218.2 	0
COL name VAL samsung 55 ' series 9 lcd black flat panel hdtv ln55a950 COL description VAL touch of color design full 1080p high definition resolution 2,000,000:1 dynamic contrast ratio auto motion plus 120hz built-in digital tuner ( ntsc/atsc/clear qam ) 4ms response time srs trusurround xt down firing speakers picture-in-picture pip integrated woofer wide gamut led backlight finish COL price VAL  	COL name VAL samsung 9 series ln46a950 46 ' lcd tv COL description VAL atsc , ntsc 181 channels 16:9 1920 x 1080 surround hdtv 1080p COL price VAL 2699.98  	0
COL name VAL samsung 26 ' black flat panel series 4 lcd hdtv ln26a450 COL description VAL 5,000:1 dynamic contrast ratio 1366 x 768 true 720p resolution 8mm response time cold cathode fluorescent lamp ( ccfl ) hidden bottom speakers srs trusurround xt built-in atsc/clear qam tuner v-chip system finish COL price VAL  	COL name VAL samsung 6 series ln19a650 19 ' lcd tv COL description VAL widescreen hdtv 3,000:1 dynamic contrast ratio 8ms response time COL price VAL 369.0  	0
COL name VAL samsung 46 ' series 7 lcd black flat panel hdtv ln46a750 COL description VAL touch of color design full 1080p high definition resolution 16:9 widescreen aspect ratio 50,000:1 dynamic contrast 4ms response time srs trusurround xt audio built-in digital tuner ( atsc/clear qam ) picture-in-picture 4 hdmi connections 3 rear/1 side with red accent finish COL price VAL  	COL name VAL samsung 4 series ln26a450 26 ' lcd tv COL description VAL widescreen 720p hdtv 5000:1 dynamic contrast ratio 8ms response time piano black COL price VAL 549.0  	0
COL name VAL samsung 26 ' black flat panel series 4 lcd hdtv ln26a450 COL description VAL 5,000:1 dynamic contrast ratio 1366 x 768 true 720p resolution 8mm response time cold cathode fluorescent lamp ( ccfl ) hidden bottom speakers srs trusurround xt built-in atsc/clear qam tuner v-chip system finish COL price VAL  	COL name VAL samsung 4 series ln22a450 22 ' lcd tv COL description VAL widescreen 720p hdtv 3000:1 dynamic contrast ratio 8ms response time piano black COL price VAL 397.77  	0
COL name VAL samsung 5 disc home theater surround sound system httz515 COL description VAL 5.1 channel capability usb host play ipod dock divx playback dolby digital , pro logic and dts black finish COL price VAL  	COL name VAL samsung dvd hm theater sys 5 disc nic ht-z410 / xaa COL description VAL  COL price VAL 235.14 	0
COL name VAL samsung 40 ' series 7 lcd black flat panel hdtv ln40a750 COL description VAL touch of color design full 1080p high definition resolution 16:9 widescreen aspect ratio 50,000:1 dynamic contrast 4ms response time srs trusurround xt audio built-in digital tuner ( atsc/clear qam ) picture-in-picture 4 hdmi connections 3 rear/1 side with red accent finish COL price VAL  	COL name VAL samsung ln40a750 40 ' 1080p lcd hdtv 50,000:1 dynamic contrast ratio 4ms response time 120hz COL description VAL  COL price VAL 1341.12 	1
COL name VAL samsung 55 ' series 9 lcd black flat panel hdtv ln55a950 COL description VAL touch of color design full 1080p high definition resolution 2,000,000:1 dynamic contrast ratio auto motion plus 120hz built-in digital tuner ( ntsc/atsc/clear qam ) 4ms response time srs trusurround xt down firing speakers picture-in-picture pip integrated woofer wide gamut led backlight finish COL price VAL  	COL name VAL samsung 4 series ln37a450 37 ' lcd tv COL description VAL widescreen 720p hdtv 10,000:1 dynamic contrast ratio 6ms response time piano black COL price VAL 796.82  	0
COL name VAL samsung 32 ' series 5 lcd black flat panel hdtv ln32a550 COL description VAL full 1080p high definition resolution 16:9 widescreen aspect ratio 30,000:1 dynamic contrast 5ms response time srs trusurround xt audio built-in digital tuner ( atsc/clear qam ) picture-in-picture sound leveler 3 hdmi slots swivel stand finish COL price VAL  	COL name VAL samsung ln46a550 46 ' lcd tv COL description VAL widescreen 1080p hdtv 30,000:1 dynamic contrast ratio 5ms response time piano black COL price VAL 1143.99  	0
COL name VAL samsung 40 ' series 6 lcd black flat panel hdtv ln40a650 COL description VAL full 1080p high definition resolution 16:9 widescreen aspect ratio 50,000:1 dynamic contrast 4ms response time and auto motion plus 120hz technology srs trusurround xt audio built-in digital tuner ( atsc/clear qam ) picture-in-picture volume leveler 4 hdmi slots swivel stand piano with hint amber finish COL price VAL  	COL name VAL samsung 4 series ln22a450 22 ' lcd tv COL description VAL widescreen 720p hdtv 3000:1 dynamic contrast ratio 8ms response time piano black COL price VAL 397.77  	0
COL name VAL samsung 50 ' widescreen plasma hdtv pn50a650 COL description VAL touch of color ultra filterbright anti glare technology 1,000,000:1 dynamic contrast ratio picture-in-picture anti-burn-in sports/game/movie modes single integrated user interface with wheel-key remote atsc/ntsc/clear qa tuners COL price VAL  	COL name VAL samsung pn42a450 42 ' widescreen 720p plasma hdtv 100,000:1 dynamic contrast ratio piano black pn42a450p COL description VAL  COL price VAL 899.99 	0
COL name VAL samsung 46 ' series 6 lcd black flat panel hdtv ln46a650 COL description VAL full 1080p high definition resolution 16:9 widescreen aspect ratio 50,000:1 dynamic contrast 4ms response time and auto motion plus 120hz technology srs trusurround xt audio built-in digital tuner ( atsc/clear qam ) picture-in-picture volume leveler 4 hdmi slots swivel stand piano with hint amber finish COL price VAL  	COL name VAL samsung 9 series ln55a950 55 ' lcd tv COL description VAL atsc , ntsc 181 channels 16:9 1920 x 1080 surround hdtv 1080p COL price VAL 4049.98  	0
COL name VAL samsung black combo dvd/vhs player dvdv9800 COL description VAL progressive scan 1080p up-conversion via hdmi 10bit 54mhz digital-to-analog converter 4-head hi-fi vcr finish no tuner COL price VAL 98.0  	COL name VAL samsung bdp2500 bd-p2500 COL description VAL  COL price VAL 301.05 	0
COL name VAL samsung 46 ' series 7 lcd black flat panel hdtv ln46a750 COL description VAL touch of color design full 1080p high definition resolution 16:9 widescreen aspect ratio 50,000:1 dynamic contrast 4ms response time srs trusurround xt audio built-in digital tuner ( atsc/clear qam ) picture-in-picture 4 hdmi connections 3 rear/1 side with red accent finish COL price VAL  	COL name VAL samsung ln46a550 46 ' lcd tv COL description VAL widescreen 1080p hdtv 30,000:1 dynamic contrast ratio 5ms response time piano black COL price VAL 1143.99  	0
COL name VAL samsung 46 ' series 6 lcd black flat panel hdtv ln46a650 COL description VAL full 1080p high definition resolution 16:9 widescreen aspect ratio 50,000:1 dynamic contrast 4ms response time and auto motion plus 120hz technology srs trusurround xt audio built-in digital tuner ( atsc/clear qam ) picture-in-picture volume leveler 4 hdmi slots swivel stand piano with hint amber finish COL price VAL  	COL name VAL samsung 4 series ln26a450 26 ' lcd tv COL description VAL widescreen 720p hdtv 5000:1 dynamic contrast ratio 8ms response time piano black COL price VAL 549.0  	0
COL name VAL samsung 37 ' series 4 lcd black flat panel hdtv ln37a450 COL description VAL true 720p high definition resolution 16:9 widescreen aspect ratio 10,000:1 dynamic contrast 6ms response time srs trusurround xt audio built-in digital tuner ( atsc/clear qam ) 3 hdmi slots hidden bottom speakers swivel stand finish COL price VAL  	COL name VAL samsung 4 series ln22a450 22 ' lcd tv COL description VAL widescreen 720p hdtv 3000:1 dynamic contrast ratio 8ms response time piano black COL price VAL 397.77  	0
COL name VAL samsung 37 ' series 5 lcd black flat panel hdtv ln37a550 COL description VAL full 1080p high definition resolution 16:9 widescreen aspect ratio 15,000:1 dynamic contrast 5ms response time srs trusurround xt audio built-in digital tuner ( atsc/clear qam ) picture-in-picture sound leveler 3 hdmi slots swivel stand finish COL price VAL  	COL name VAL samsung 4 series ln32a450 32 ' lcd tv COL description VAL widescreen 720p hdtv 10000:1 dynamic contrast ratio 6ms response time piano black COL price VAL 578.0  	0
COL name VAL samsung black blu-ray disc player bdp2500 COL description VAL full hd 1080p bd live 2.0 ready netflix instant streaming ethernet and usb for firmware upgrades dolby digital plus , true-hd dts-hd upgradable hdmi-cec ( anynet + ) finish COL price VAL  	COL name VAL samsung bdp2500 bd-p2500 COL description VAL  COL price VAL 301.05 	1
COL name VAL samsung 37 ' series 4 lcd black flat panel hdtv ln37a450 COL description VAL true 720p high definition resolution 16:9 widescreen aspect ratio 10,000:1 dynamic contrast 6ms response time srs trusurround xt audio built-in digital tuner ( atsc/clear qam ) 3 hdmi slots hidden bottom speakers swivel stand finish COL price VAL  	COL name VAL samsung 6 series ln19a650 19 ' lcd tv COL description VAL widescreen hdtv 3,000:1 dynamic contrast ratio 8ms response time COL price VAL 369.0  	0
