COL name VAL toshiba 52 ' regza black flat panel lcd hdtv 52rv535u COL description VAL 1080p ( 1920 x 1080 ) full hd cinespeed display srt super resolution technology autoview pixelpure 4g 14-bit internal digital video processor to reach 4,096 levels of gradation dynalight backlight control ntsc/atsc/qam built-in tv tuning double skin thin-line bezel deep color finish COL price VAL  	COL name VAL toshiba 32av502 31.5 ' widescreen 720p lcd hdtv w / cinespeed piano black 32av502u COL description VAL  COL price VAL 579.0 	0
COL name VAL toshiba black dvd recorder with built-in digital tuner dr560 COL description VAL atsc/ntsc/qam digital/analog multi-format recording and playback video upconversion up to 1080p resolution one touch camcorder controls auto finalize undo regza link finish COL price VAL  	COL name VAL toshiba d-r560 dvd player/recorder COL description VAL recorder w / built in digital tuner COL price VAL  	1
COL name VAL toshiba 40 ' black flat panel lcd hdtv 40rv525u COL description VAL 1080p full hd ( 1920 x 1080 ) cinespeed display dynalight dynamic backlight control ntsc/atsc/qam built-in tuners 10-bit video processor 60hz scan rate 3:2 pull-down cinema mode 24fps color temperature finish COL price VAL  	COL name VAL toshiba 32av502 31.5 ' widescreen 720p lcd hdtv w / cinespeed piano black 32av502u COL description VAL  COL price VAL 579.0 	0
COL name VAL toshiba xde black 1080p upconversion extended detail dvd player xde500 COL description VAL full with 24 frames per second enhancement intelligent color contrast divx certified finish COL price VAL 99.0  	COL name VAL toshiba sd-6100 dvd player COL description VAL w / 1080p upconversion COL price VAL  	0
COL name VAL toshiba 19 ' black lcd hdtv 19av500u COL description VAL 720p hd display dynalight back-light control theaterwide modes soundstrip speaker system hdmi digital input universal remote high-gloss bezel finish COL price VAL  	COL name VAL toshiba 19av500u 19 ' lcd tv COL description VAL 720p hdtv w / built-in ntsc/atsc tuner piano black COL price VAL  	1
COL name VAL toshiba 22 ' black lcd hdtv 22av500u COL description VAL 720p hd display dynalight dynamic backlight control ntsc/atsc/qam built-in tuners 10-bit video processor 60hz scan rate 3:2 pull-down cinema mode 24fps color temperature finish COL price VAL  	COL name VAL toshiba 52rv535u 52 ' widescreen 1080p lcd hdtv w / cinespeed piano black COL description VAL  COL price VAL 	0
COL name VAL toshiba black dvd recorder with 1080p upconversion dr410 COL description VAL video up to one touch recording multi-format and playback auto finalize undo regza link camcorder controls finish COL price VAL  	COL name VAL toshiba d-r410 dvd player/recorder COL description VAL recorder w / 1080p upconversion COL price VAL  	1
COL name VAL toshiba 32 ' black lcd flat panel hdtv 32av502u COL description VAL 720p ( 1366 x 768 ) hd cinespeed display dynalight dynamic backlight control ntsc/atsc/qam digital tuner 10 bit video processor 60hz scan rate color temperature auto aspect finish COL price VAL  	COL name VAL toshiba 26av502u 26 ' widescreen 720p lcd hdtv piano black COL description VAL  COL price VAL 	0
COL name VAL toshiba 22 ' black lcd hdtv 22av500u COL description VAL 720p hd display dynalight dynamic backlight control ntsc/atsc/qam built-in tuners 10-bit video processor 60hz scan rate 3:2 pull-down cinema mode 24fps color temperature finish COL price VAL  	COL name VAL toshiba 32av502 31.5 ' widescreen 720p lcd hdtv w / cinespeed piano black 32av502u COL description VAL  COL price VAL 579.0 	0
COL name VAL toshiba black dvd/vcr combinaton player sdv296 COL description VAL progressive scan dvd one touch recording for the vcr colorstream pro component video outputs simultaneous playback and vhs record jpeg viewer finish COL price VAL 89.0  	COL name VAL toshiba sd-v296 dvd/vcr combo COL description VAL vhs , dvd-rw cd-rw dvd video cd wma mp3 jpeg divx sqpb playback 1 disc ( s ) progressive scan black COL price VAL  	1
COL name VAL toshiba black 9-inch lcd widescreen portable dvd player sdp91s COL description VAL 9 ' tft display up to 5 hour lithium battery life official divx certified switchable audio/video input and output swivel flip type screen finish COL price VAL  	COL name VAL toshiba sd-6100 dvd player COL description VAL w / 1080p upconversion COL price VAL  	0
COL name VAL toshiba 22 ' black lcd hdtv 22av500u COL description VAL 720p hd display dynalight dynamic backlight control ntsc/atsc/qam built-in tuners 10-bit video processor 60hz scan rate 3:2 pull-down cinema mode 24fps color temperature finish COL price VAL  	COL name VAL toshiba 22av500u 22 ' lcd tv COL description VAL 720p hdtv w / built-in ntsc/atsc tuner piano black COL price VAL 338.99  	1
COL name VAL toshiba 19 ' black lcd hdtv 19av500u COL description VAL 720p hd display dynalight back-light control theaterwide modes soundstrip speaker system hdmi digital input universal remote high-gloss bezel finish COL price VAL  	COL name VAL 15 ' lcd hdtv/dvd combo black 15lv505 COL description VAL  COL price VAL 	0
COL name VAL toshiba 19 ' black lcd hdtv with built in dvd player 19lv505 COL description VAL built-in slot loading atsc/ntsc/qam digital tuning official divx ® certified jpeg viewer bottom mount stereo speakers finish COL price VAL  	COL name VAL toshiba sd-4100 dvd player COL description VAL + rw , dvd-rw dvd-r cd-rw video cd svcd mp3 jpeg playback progressive scan COL price VAL 39.36  	0
COL name VAL toshiba 22 ' black lcd hdtv 22av500u COL description VAL 720p hd display dynalight dynamic backlight control ntsc/atsc/qam built-in tuners 10-bit video processor 60hz scan rate 3:2 pull-down cinema mode 24fps color temperature finish COL price VAL  	COL name VAL toshiba 26av502u 26 ' widescreen 720p lcd hdtv piano black COL description VAL  COL price VAL 	0
COL name VAL toshiba 26 ' black lcd hdtv 26av502u COL description VAL 720p hd resolutions dynalight dynamic backlight control gaming mode built-in atsc/ntsc/qam digital tuning color temperature 2 hdmi inputs pc input finish COL price VAL  	COL name VAL toshiba 52rv535u 52 ' widescreen 1080p lcd hdtv w / cinespeed piano black COL description VAL  COL price VAL 	0
COL name VAL toshiba black 1080p upconversion dvd player sd6100 COL description VAL video up to resolution hdmi regza link multi-format playback capability finish COL price VAL  	COL name VAL toshiba sd-p91s portable dvd player COL description VAL 9 ' COL price VAL 164.72  	0
COL name VAL toshiba black 1080p upconversion dvd recorder/vcr combinaton dvr610 COL description VAL multi-format recording and playback video up to resolution one touch camcorder controls auto finalize with undo bi-directional dubbing finish COL price VAL  	COL name VAL toshiba d-vr610 dvd vcr combo COL description VAL recorder/vcr COL price VAL  	1
COL name VAL toshiba black dvd/vcr combinaton player sdv296 COL description VAL progressive scan dvd one touch recording for the vcr colorstream pro component video outputs simultaneous playback and vhs record jpeg viewer finish COL price VAL 89.0  	COL name VAL toshiba xd-e500 upconversion dvd player COL description VAL dvd-rw , cd-rw video cd-da jpeg wma mp3 pcm playback progressive scan COL price VAL 81.96  	0
COL name VAL toshiba black 9-inch lcd widescreen portable dvd player sdp91s COL description VAL 9 ' tft display up to 5 hour lithium battery life official divx certified switchable audio/video input and output swivel flip type screen finish COL price VAL  	COL name VAL toshiba 19lv506 19 ' widescreen lcd hdtv w / built-in dvd player 800:1 contrast ratio 5ms response time white COL description VAL  COL price VAL 	0
COL name VAL toshiba black 15 ' lcd flat panel hdtv/dvd combo 15lv505 COL description VAL built-in slot loading dvd player atsc/ntsc/qam digital tuning divx certified dolby and dts compatible output finish COL price VAL  	COL name VAL 15 ' lcd hdtv/dvd combo black 15lv505 COL description VAL  COL price VAL 	1
COL name VAL toshiba 32 ' black lcd flat panel hdtv 32av502u COL description VAL 720p ( 1366 x 768 ) hd cinespeed display dynalight dynamic backlight control ntsc/atsc/qam digital tuner 10 bit video processor 60hz scan rate color temperature auto aspect finish COL price VAL  	COL name VAL toshiba 19av500u 19 ' lcd tv COL description VAL 720p hdtv w / built-in ntsc/atsc tuner piano black COL price VAL  	0
COL name VAL toshiba rechargeable 5-hour battery pack medb05lx COL description VAL works with sdp2500 and sdp2600 portable dvd players COL price VAL 149.99  	COL name VAL toshiba lithium ion portable dvd player battery medb05lx COL description VAL ( li-ion ) 7.4 v dc COL price VAL 149.99  	1
COL name VAL toshiba 32 ' black lcd flat panel hdtv 32av502u COL description VAL 720p ( 1366 x 768 ) hd cinespeed display dynalight dynamic backlight control ntsc/atsc/qam digital tuner 10 bit video processor 60hz scan rate color temperature auto aspect finish COL price VAL  	COL name VAL toshiba 32av502 31.5 ' widescreen 720p lcd hdtv w / cinespeed piano black 32av502u COL description VAL  COL price VAL 579.0 	1
COL name VAL toshiba 19 ' black lcd hdtv with built in dvd player 19lv505 COL description VAL built-in slot loading atsc/ntsc/qam digital tuning official divx ® certified jpeg viewer bottom mount stereo speakers finish COL price VAL  	COL name VAL toshiba sd-p71s portable dvd player COL description VAL 7 ' COL price VAL 119.36  	0
COL name VAL toshiba black 1080p upconversion dvd player sd6100 COL description VAL video up to resolution hdmi regza link multi-format playback capability finish COL price VAL  	COL name VAL toshiba d-r410 dvd player/recorder COL description VAL recorder w / 1080p upconversion COL price VAL  	0
COL name VAL toshiba black progressive scan dvd player sd4100 COL description VAL multiformat playback colorstream pro component video outputs jpeg photo viewer slim chassis finish COL price VAL  	COL name VAL toshiba sd-p71s portable dvd player COL description VAL 7 ' COL price VAL 119.36  	0
COL name VAL toshiba 19 ' black lcd hdtv with built in dvd player 19lv505 COL description VAL built-in slot loading atsc/ntsc/qam digital tuning official divx ® certified jpeg viewer bottom mount stereo speakers finish COL price VAL  	COL name VAL toshiba sd-p101s portable dvd player sdp101s COL description VAL 10.2 ' divx compatible COL price VAL  	0
COL name VAL toshiba black progressive scan dvd player sd4100 COL description VAL multiformat playback colorstream pro component video outputs jpeg photo viewer slim chassis finish COL price VAL  	COL name VAL toshiba sd-p101s portable dvd player sdp101s COL description VAL 10.2 ' divx compatible COL price VAL  	0
COL name VAL toshiba black 15 ' lcd flat panel hdtv/dvd combo 15lv505 COL description VAL built-in slot loading dvd player atsc/ntsc/qam digital tuning divx certified dolby and dts compatible output finish COL price VAL  	COL name VAL toshiba 22lv506 22 ' tv/dvd combo COL description VAL 21.9 lcd active matrix atsc , ntsc 16:9 1680 x 1050 - hdtv dvd-r dvd-rw cd-r cd-rw 720p COL price VAL  	0
COL name VAL toshiba 22 ' black lcd hdtv 22av500u COL description VAL 720p hd display dynalight dynamic backlight control ntsc/atsc/qam built-in tuners 10-bit video processor 60hz scan rate 3:2 pull-down cinema mode 24fps color temperature finish COL price VAL  	COL name VAL 15 ' lcd hdtv/dvd combo black 15lv505 COL description VAL  COL price VAL 	0
COL name VAL toshiba black portable dvd player sdp71s COL description VAL 7 ' widescreen tft lcd display up to 3 hour lithium battery life jpeg viewer switchable audio/video input and output finish COL price VAL  	COL name VAL toshiba lithium ion portable dvd player battery medb05lx COL description VAL ( li-ion ) 7.4 v dc COL price VAL 149.99  	0
COL name VAL toshiba black 9-inch lcd widescreen portable dvd player sdp91s COL description VAL 9 ' tft display up to 5 hour lithium battery life official divx certified switchable audio/video input and output swivel flip type screen finish COL price VAL  	COL name VAL toshiba d-r560 dvd player/recorder COL description VAL recorder w / built in digital tuner COL price VAL  	0
COL name VAL toshiba black portable dvd player sdp71s COL description VAL 7 ' widescreen tft lcd display up to 3 hour lithium battery life jpeg viewer switchable audio/video input and output finish COL price VAL  	COL name VAL toshiba sd-6100 dvd player COL description VAL w / 1080p upconversion COL price VAL  	0
COL name VAL toshiba 22 ' lcd hdtv with built in dvd player black 22lv505 COL description VAL built-in slot loading atsc/ntsc/qam digital tuning official divx ® certified pc input space saving design bottom mount stereo speakers finish COL price VAL  	COL name VAL toshiba 52rv535u 52 ' widescreen 1080p lcd hdtv w / cinespeed piano black COL description VAL  COL price VAL 	0
COL name VAL toshiba 10.2 ' portable dvd player in black sdp101s COL description VAL lcd display with 800x480 pixel resolution swivel and flip screen up to 5 hour lithium ion battery divx certified 4-in-1 card slot mp3 wma formats jpeg viewer car cord adapter dual headphone outputs virtual surround built-in speakers COL price VAL  	COL name VAL toshiba sd-6100 dvd player COL description VAL w / 1080p upconversion COL price VAL  	0
